23:31:37 INFO  : Registering command handlers for SDK TCF services
23:31:38 INFO  : Launching XSCT server: xsct.bat -interactive C:\soc\final\final.sdk\temp_xsdb_launch_script.tcl
23:31:41 INFO  : XSCT server has started successfully.
23:31:41 INFO  : Successfully done setting XSCT server connection channel  
23:31:48 INFO  : Successfully done setting SDK workspace  
23:31:48 INFO  : Processing command line option -hwspec C:/soc/final/final.sdk/design_1_wrapper.hdf.
23:36:58 INFO  : Connected to target on host '127.0.0.1' and port '3121'.
23:36:59 INFO  : 'targets -set -filter {jtag_cable_name =~ "Xilinx TUL 1234-tulA" && level==0} -index 1' command is executed.
23:37:01 INFO  : FPGA configured successfully with bitstream "C:/soc/final/final.sdk/design_1_wrapper_hw_platform_0/design_1_wrapper.bit"
23:37:06 INFO  : 'targets -set -filter {jtag_cable_name =~ "Xilinx TUL 1234-tulA" && level==0} -index 1' command is executed.
23:37:06 INFO  : 'fpga -state' command is executed.
23:37:06 INFO  : Connected to target on host '127.0.0.1' and port '3121'.
23:37:06 INFO  : Jtag cable 'Xilinx TUL 1234-tulA' is selected.
23:37:06 INFO  : 'jtag frequency' command is executed.
23:37:06 INFO  : Sourcing of 'C:/soc/final/final.sdk/design_1_wrapper_hw_platform_0/ps7_init.tcl' is done.
23:37:06 INFO  : Context for 'APU' is selected.
23:37:06 INFO  : Hardware design information is loaded from 'C:/soc/final/final.sdk/design_1_wrapper_hw_platform_0/system.hdf'.
23:37:06 INFO  : 'configparams force-mem-access 1' command is executed.
23:37:06 INFO  : Context for 'APU' is selected.
23:37:06 INFO  : 'stop' command is executed.
23:37:07 INFO  : 'ps7_init' command is executed.
23:37:07 INFO  : 'ps7_post_config' command is executed.
23:37:08 INFO  : Context for processor 'ps7_cortexa9_0' is selected.
23:37:08 INFO  : Processor reset is completed for 'ps7_cortexa9_0'.
23:37:08 INFO  : Context for processor 'ps7_cortexa9_0' is selected.
23:37:10 ERROR : Memory write error at 0x100000. APB AP transaction error, DAP status f0000021
23:37:10 INFO  : ----------------XSDB Script----------------
connect -url tcp:127.0.0.1:3121
source C:/soc/final/final.sdk/design_1_wrapper_hw_platform_0/ps7_init.tcl
targets -set -nocase -filter {name =~"APU*" && jtag_cable_name =~ "Xilinx TUL 1234-tulA"} -index 0
loadhw -hw C:/soc/final/final.sdk/design_1_wrapper_hw_platform_0/system.hdf -mem-ranges [list {0x40000000 0xbfffffff}]
configparams force-mem-access 1
targets -set -nocase -filter {name =~"APU*" && jtag_cable_name =~ "Xilinx TUL 1234-tulA"} -index 0
stop
ps7_init
ps7_post_config
targets -set -nocase -filter {name =~ "ARM*#0" && jtag_cable_name =~ "Xilinx TUL 1234-tulA"} -index 0
rst -processor
targets -set -nocase -filter {name =~ "ARM*#0" && jtag_cable_name =~ "Xilinx TUL 1234-tulA"} -index 0
dow C:/soc/final/final.sdk/fianl/Debug/fianl.elf
----------------End of Script----------------

23:39:41 INFO  : Connected to target on host '127.0.0.1' and port '3121'.
23:39:41 INFO  : 'targets -set -filter {jtag_cable_name =~ "Xilinx TUL 1234-tulA" && level==0} -index 1' command is executed.
23:39:45 ERROR : fpga configuration failed. DONE PIN is not HIGH
23:39:57 INFO  : Connected to target on host '127.0.0.1' and port '3121'.
23:39:57 INFO  : 'targets -set -filter {jtag_cable_name =~ "Xilinx TUL 1234-tulA" && level==0} -index 1' command is executed.
23:40:00 INFO  : FPGA configured successfully with bitstream "C:/soc/final/final.sdk/design_1_wrapper_hw_platform_0/design_1_wrapper.bit"
23:40:05 INFO  : 'targets -set -filter {jtag_cable_name =~ "Xilinx TUL 1234-tulA" && level==0} -index 1' command is executed.
23:40:05 INFO  : 'fpga -state' command is executed.
23:40:05 INFO  : Connected to target on host '127.0.0.1' and port '3121'.
23:40:06 INFO  : Jtag cable 'Xilinx TUL 1234-tulA' is selected.
23:40:06 INFO  : 'jtag frequency' command is executed.
23:40:06 INFO  : Sourcing of 'C:/soc/final/final.sdk/design_1_wrapper_hw_platform_0/ps7_init.tcl' is done.
23:40:06 INFO  : Context for 'APU' is selected.
23:40:06 INFO  : Hardware design information is loaded from 'C:/soc/final/final.sdk/design_1_wrapper_hw_platform_0/system.hdf'.
23:40:06 INFO  : 'configparams force-mem-access 1' command is executed.
23:40:06 INFO  : Context for 'APU' is selected.
23:40:06 INFO  : 'stop' command is executed.
23:40:06 INFO  : 'ps7_init' command is executed.
23:40:06 INFO  : 'ps7_post_config' command is executed.
23:40:06 INFO  : Context for processor 'ps7_cortexa9_0' is selected.
23:40:06 INFO  : Processor reset is completed for 'ps7_cortexa9_0'.
23:40:06 INFO  : Context for processor 'ps7_cortexa9_0' is selected.
23:40:06 INFO  : The application 'C:/soc/final/final.sdk/fianl/Debug/fianl.elf' is downloaded to processor 'ps7_cortexa9_0'.
23:40:06 INFO  : 'configparams force-mem-access 0' command is executed.
23:40:06 INFO  : ----------------XSDB Script----------------
connect -url tcp:127.0.0.1:3121
source C:/soc/final/final.sdk/design_1_wrapper_hw_platform_0/ps7_init.tcl
targets -set -nocase -filter {name =~"APU*" && jtag_cable_name =~ "Xilinx TUL 1234-tulA"} -index 0
loadhw -hw C:/soc/final/final.sdk/design_1_wrapper_hw_platform_0/system.hdf -mem-ranges [list {0x40000000 0xbfffffff}]
configparams force-mem-access 1
targets -set -nocase -filter {name =~"APU*" && jtag_cable_name =~ "Xilinx TUL 1234-tulA"} -index 0
stop
ps7_init
ps7_post_config
targets -set -nocase -filter {name =~ "ARM*#0" && jtag_cable_name =~ "Xilinx TUL 1234-tulA"} -index 0
rst -processor
targets -set -nocase -filter {name =~ "ARM*#0" && jtag_cable_name =~ "Xilinx TUL 1234-tulA"} -index 0
dow C:/soc/final/final.sdk/fianl/Debug/fianl.elf
configparams force-mem-access 0
----------------End of Script----------------

23:40:06 INFO  : Memory regions updated for context APU
23:40:06 INFO  : Context for processor 'ps7_cortexa9_0' is selected.
23:40:06 INFO  : 'con' command is executed.
23:40:06 INFO  : ----------------XSDB Script (After Launch)----------------
targets -set -nocase -filter {name =~ "ARM*#0" && jtag_cable_name =~ "Xilinx TUL 1234-tulA"} -index 0
con
----------------End of Script----------------

23:40:06 INFO  : Launch script is exported to file 'C:\soc\final\final.sdk\.sdk\launch_scripts\xilinx_c-c++_application_(system_debugger)\system_debugger_using_debug_fianl.elf_on_local.tcl'
23:54:18 INFO  : Disconnected from the channel tcfchan#1.
23:54:19 INFO  : 'targets -set -filter {jtag_cable_name =~ "Xilinx TUL 1234-tulA" && level==0} -index 1' command is executed.
23:54:19 INFO  : 'fpga -state' command is executed.
23:54:19 INFO  : Connected to target on host '127.0.0.1' and port '3121'.
23:54:19 INFO  : Jtag cable 'Xilinx TUL 1234-tulA' is selected.
23:54:19 INFO  : 'jtag frequency' command is executed.
23:54:19 INFO  : Sourcing of 'C:/soc/final/final.sdk/design_1_wrapper_hw_platform_0/ps7_init.tcl' is done.
23:54:19 INFO  : Context for 'APU' is selected.
23:54:21 INFO  : Hardware design information is loaded from 'C:/soc/final/final.sdk/design_1_wrapper_hw_platform_0/system.hdf'.
23:54:21 INFO  : 'configparams force-mem-access 1' command is executed.
23:54:21 INFO  : Context for 'APU' is selected.
23:54:21 INFO  : 'stop' command is executed.
23:54:21 INFO  : 'ps7_init' command is executed.
23:54:21 INFO  : 'ps7_post_config' command is executed.
23:54:21 INFO  : Context for processor 'ps7_cortexa9_0' is selected.
23:54:21 INFO  : Processor reset is completed for 'ps7_cortexa9_0'.
23:54:21 INFO  : Context for processor 'ps7_cortexa9_0' is selected.
23:54:21 INFO  : The application 'C:/soc/final/final.sdk/fianl/Debug/fianl.elf' is downloaded to processor 'ps7_cortexa9_0'.
23:54:21 INFO  : 'configparams force-mem-access 0' command is executed.
23:54:21 INFO  : ----------------XSDB Script----------------
connect -url tcp:127.0.0.1:3121
source C:/soc/final/final.sdk/design_1_wrapper_hw_platform_0/ps7_init.tcl
targets -set -nocase -filter {name =~"APU*" && jtag_cable_name =~ "Xilinx TUL 1234-tulA"} -index 0
loadhw -hw C:/soc/final/final.sdk/design_1_wrapper_hw_platform_0/system.hdf -mem-ranges [list {0x40000000 0xbfffffff}]
configparams force-mem-access 1
targets -set -nocase -filter {name =~"APU*" && jtag_cable_name =~ "Xilinx TUL 1234-tulA"} -index 0
stop
ps7_init
ps7_post_config
targets -set -nocase -filter {name =~ "ARM*#0" && jtag_cable_name =~ "Xilinx TUL 1234-tulA"} -index 0
rst -processor
targets -set -nocase -filter {name =~ "ARM*#0" && jtag_cable_name =~ "Xilinx TUL 1234-tulA"} -index 0
dow C:/soc/final/final.sdk/fianl/Debug/fianl.elf
configparams force-mem-access 0
----------------End of Script----------------

23:54:21 INFO  : Memory regions updated for context APU
23:54:21 INFO  : Context for processor 'ps7_cortexa9_0' is selected.
23:54:21 INFO  : 'con' command is executed.
23:54:21 INFO  : ----------------XSDB Script (After Launch)----------------
targets -set -nocase -filter {name =~ "ARM*#0" && jtag_cable_name =~ "Xilinx TUL 1234-tulA"} -index 0
con
----------------End of Script----------------

23:54:21 INFO  : Launch script is exported to file 'C:\soc\final\final.sdk\.sdk\launch_scripts\xilinx_c-c++_application_(system_debugger)\system_debugger_using_debug_fianl.elf_on_local.tcl'
23:56:47 INFO  : Disconnected from the channel tcfchan#2.
23:56:48 INFO  : 'targets -set -filter {jtag_cable_name =~ "Xilinx TUL 1234-tulA" && level==0} -index 1' command is executed.
23:56:48 INFO  : 'fpga -state' command is executed.
23:56:48 INFO  : Connected to target on host '127.0.0.1' and port '3121'.
23:56:48 INFO  : Jtag cable 'Xilinx TUL 1234-tulA' is selected.
23:56:48 INFO  : 'jtag frequency' command is executed.
23:56:48 INFO  : Sourcing of 'C:/soc/final/final.sdk/design_1_wrapper_hw_platform_0/ps7_init.tcl' is done.
23:56:48 INFO  : Context for 'APU' is selected.
23:56:49 INFO  : Hardware design information is loaded from 'C:/soc/final/final.sdk/design_1_wrapper_hw_platform_0/system.hdf'.
23:56:49 INFO  : 'configparams force-mem-access 1' command is executed.
23:56:49 INFO  : Context for 'APU' is selected.
23:56:49 INFO  : 'stop' command is executed.
23:56:50 INFO  : 'ps7_init' command is executed.
23:56:50 INFO  : 'ps7_post_config' command is executed.
23:56:50 INFO  : Context for processor 'ps7_cortexa9_0' is selected.
23:56:50 INFO  : Processor reset is completed for 'ps7_cortexa9_0'.
23:56:50 INFO  : Context for processor 'ps7_cortexa9_0' is selected.
23:56:50 INFO  : The application 'C:/soc/final/final.sdk/fianl/Debug/fianl.elf' is downloaded to processor 'ps7_cortexa9_0'.
23:56:50 INFO  : 'configparams force-mem-access 0' command is executed.
23:56:50 INFO  : ----------------XSDB Script----------------
connect -url tcp:127.0.0.1:3121
source C:/soc/final/final.sdk/design_1_wrapper_hw_platform_0/ps7_init.tcl
targets -set -nocase -filter {name =~"APU*" && jtag_cable_name =~ "Xilinx TUL 1234-tulA"} -index 0
loadhw -hw C:/soc/final/final.sdk/design_1_wrapper_hw_platform_0/system.hdf -mem-ranges [list {0x40000000 0xbfffffff}]
configparams force-mem-access 1
targets -set -nocase -filter {name =~"APU*" && jtag_cable_name =~ "Xilinx TUL 1234-tulA"} -index 0
stop
ps7_init
ps7_post_config
targets -set -nocase -filter {name =~ "ARM*#0" && jtag_cable_name =~ "Xilinx TUL 1234-tulA"} -index 0
rst -processor
targets -set -nocase -filter {name =~ "ARM*#0" && jtag_cable_name =~ "Xilinx TUL 1234-tulA"} -index 0
dow C:/soc/final/final.sdk/fianl/Debug/fianl.elf
configparams force-mem-access 0
----------------End of Script----------------

23:56:50 INFO  : Memory regions updated for context APU
23:56:50 INFO  : Context for processor 'ps7_cortexa9_0' is selected.
23:56:50 INFO  : 'con' command is executed.
23:56:50 INFO  : ----------------XSDB Script (After Launch)----------------
targets -set -nocase -filter {name =~ "ARM*#0" && jtag_cable_name =~ "Xilinx TUL 1234-tulA"} -index 0
con
----------------End of Script----------------

23:56:50 INFO  : Launch script is exported to file 'C:\soc\final\final.sdk\.sdk\launch_scripts\xilinx_c-c++_application_(system_debugger)\system_debugger_using_debug_fianl.elf_on_local.tcl'
23:58:23 INFO  : Disconnected from the channel tcfchan#3.
