Copyright 1986-2018 Xilinx, Inc. All Rights Reserved.
------------------------------------------------------------------------------------
| Tool Version : Vivado v.2018.3 (win64) Build 2405991 Thu Dec  6 23:38:27 MST 2018
| Date         : Wed May 28 00:36:40 2025
| Host         : yo running 64-bit major release  (build 9200)
| Command      : upgrade_ip
| Device       : xc7z020clg484-1
------------------------------------------------------------------------------------

Upgrade Log for IP 'design_1_uart_0_0'

1. Summary
----------

SUCCESS in the upgrade of design_1_uart_0_0 (xilinx.com:user:uart:1.0) from (Rev. 36) to (Rev. 37)






Copyright 1986-2018 Xilinx, Inc. All Rights Reserved.
------------------------------------------------------------------------------------
| Tool Version : Vivado v.2018.3 (win64) Build 2405991 Thu Dec  6 23:38:27 MST 2018
| Date         : Tue May 27 22:54:58 2025
| Host         : yo running 64-bit major release  (build 9200)
| Command      : upgrade_ip
| Device       : xc7z020clg484-1
------------------------------------------------------------------------------------

Upgrade Log for IP 'design_1_uart_0_0'

1. Summary
----------

SUCCESS in the conversion of design_1_uart_0_0 (xilinx.com:user:uart:1.0 (Rev. 36)) to Vivado generation flows.






Copyright 1986-2018 Xilinx, Inc. All Rights Reserved.
------------------------------------------------------------------------------------
| Tool Version : Vivado v.2018.3 (win64) Build 2405991 Thu Dec  6 23:38:27 MST 2018
| Date         : Tue May 27 21:45:45 2025
| Host         : yo running 64-bit major release  (build 9200)
| Command      : upgrade_ip
| Device       : xc7z020clg484-1
------------------------------------------------------------------------------------

Upgrade Log for IP 'design_1_uart_0_0'

1. Summary
----------

SUCCESS in the upgrade of design_1_uart_0_0 (xilinx.com:user:uart:1.0) from (Rev. 35) to (Rev. 36)






Copyright 1986-2018 Xilinx, Inc. All Rights Reserved.
------------------------------------------------------------------------------------
| Tool Version : Vivado v.2018.3 (win64) Build 2405991 Thu Dec  6 23:38:27 MST 2018
| Date         : Tue May 27 14:18:01 2025
| Host         : yo running 64-bit major release  (build 9200)
| Command      : upgrade_ip
| Device       : xc7z020clg484-1
------------------------------------------------------------------------------------

Upgrade Log for IP 'design_1_uart_0_0'

1. Summary
----------

SUCCESS in the upgrade of design_1_uart_0_0 (xilinx.com:user:uart:1.0) from (Rev. 31) to (Rev. 35)






Copyright 1986-2018 Xilinx, Inc. All Rights Reserved.
------------------------------------------------------------------------------------
| Tool Version : Vivado v.2018.3 (win64) Build 2405991 Thu Dec  6 23:38:27 MST 2018
| Date         : Tue May 27 13:55:01 2025
| Host         : yo running 64-bit major release  (build 9200)
| Command      : upgrade_ip
| Device       : xc7z020clg484-1
------------------------------------------------------------------------------------

Upgrade Log for IP 'design_1_uart_0_0'

1. Summary
----------

CAUTION (success, with warnings) in the upgrade of design_1_uart_0_0 (xilinx.com:user:uart:1.0) from (Rev. 27) to (Rev. 31)

After upgrade, an IP may have parameter and port differences compared to the original customization. Please review the parameters within the IP customization GUI to ensure proper functionality. Also, please review the updated IP instantiation template to ensure proper connectivity, and update your design if required.

2. Connection Warnings
----------------------

Detected external port differences while upgrading 'design_1_uart_0_0'. These changes may impact your design.


-Upgrade has added port 'debug_busy'

-Upgrade has added port 'debug_rx_data'

-Upgrade has added port 'debug_rx_valid'







Copyright 1986-2018 Xilinx, Inc. All Rights Reserved.
------------------------------------------------------------------------------------
| Tool Version : Vivado v.2018.3 (win64) Build 2405991 Thu Dec  6 23:38:27 MST 2018
| Date         : Mon May 26 23:41:01 2025
| Host         : yo running 64-bit major release  (build 9200)
| Command      : upgrade_ip
| Device       : xc7z020clg484-1
------------------------------------------------------------------------------------

Upgrade Log for IP 'design_1_uart_0_0'

1. Summary
----------

SUCCESS in the conversion of design_1_uart_0_0 (xilinx.com:user:uart:1.0 (Rev. 27)) to Vivado generation flows.






Copyright 1986-2018 Xilinx, Inc. All Rights Reserved.
------------------------------------------------------------------------------------
| Tool Version : Vivado v.2018.3 (win64) Build 2405991 Thu Dec  6 23:38:27 MST 2018
| Date         : Mon May 26 22:16:30 2025
| Host         : yo running 64-bit major release  (build 9200)
| Command      : upgrade_ip
| Device       : xc7z020clg484-1
------------------------------------------------------------------------------------

Upgrade Log for IP 'design_1_uart_0_0'

1. Summary
----------

SUCCESS in the upgrade of design_1_uart_0_0 (xilinx.com:user:uart:1.0) from (Rev. 26) to (Rev. 27)






Copyright 1986-2018 Xilinx, Inc. All Rights Reserved.
------------------------------------------------------------------------------------
| Tool Version : Vivado v.2018.3 (win64) Build 2405991 Thu Dec  6 23:38:27 MST 2018
| Date         : Mon May 26 22:15:56 2025
| Host         : yo running 64-bit major release  (build 9200)
| Command      : upgrade_ip
| Device       : xc7z020clg484-1
------------------------------------------------------------------------------------

Upgrade Log for IP 'design_1_uart_0_0'

1. Summary
----------

SUCCESS in the conversion of design_1_uart_0_0 (xilinx.com:user:uart:1.0 (Rev. 26)) to Vivado generation flows.






Copyright 1986-2018 Xilinx, Inc. All Rights Reserved.
------------------------------------------------------------------------------------
| Tool Version : Vivado v.2018.3 (win64) Build 2405991 Thu Dec  6 23:38:27 MST 2018
| Date         : Mon May 26 21:36:49 2025
| Host         : yo running 64-bit major release  (build 9200)
| Command      : upgrade_ip
| Device       : xc7z020clg484-1
------------------------------------------------------------------------------------

Upgrade Log for IP 'design_1_uart_0_0'

1. Summary
----------

CAUTION (success, with warnings) in the upgrade of design_1_uart_0_0 (xilinx.com:user:uart:1.0) from (Rev. 25) to (Rev. 26)

After upgrade, an IP may have parameter and port differences compared to the original customization. Please review the parameters within the IP customization GUI to ensure proper functionality. Also, please review the updated IP instantiation template to ensure proper connectivity, and update your design if required.

2. Connection Warnings
----------------------

Detected external port differences while upgrading 'design_1_uart_0_0'. These changes may impact your design.


-Upgrade has added port 'rx_seen'







Copyright 1986-2018 Xilinx, Inc. All Rights Reserved.
------------------------------------------------------------------------------------
| Tool Version : Vivado v.2018.3 (win64) Build 2405991 Thu Dec  6 23:38:27 MST 2018
| Date         : Mon May 26 00:39:24 2025
| Host         : yo running 64-bit major release  (build 9200)
| Command      : upgrade_ip
| Device       : xc7z020clg484-1
------------------------------------------------------------------------------------

Upgrade Log for IP 'design_1_uart_0_0'

1. Summary
----------

CAUTION (success, with warnings) in the upgrade of design_1_uart_0_0 (xilinx.com:user:uart:1.0) from (Rev. 24) to (Rev. 25)

After upgrade, an IP may have parameter and port differences compared to the original customization. Please review the parameters within the IP customization GUI to ensure proper functionality. Also, please review the updated IP instantiation template to ensure proper connectivity, and update your design if required.

2. Connection Warnings
----------------------

Detected external port differences while upgrading 'design_1_uart_0_0'. These changes may impact your design.


-Upgrade has removed port 'uart_rx'

-Upgrade has added port 'rxd'

-Upgrade has added port 'txd'







Copyright 1986-2018 Xilinx, Inc. All Rights Reserved.
------------------------------------------------------------------------------------
| Tool Version : Vivado v.2018.3 (win64) Build 2405991 Thu Dec  6 23:38:27 MST 2018
| Date         : Mon May 26 00:36:18 2025
| Host         : yo running 64-bit major release  (build 9200)
| Command      : upgrade_ip
| Device       : xc7z020clg484-1
------------------------------------------------------------------------------------

Upgrade Log for IP 'design_1_uart_0_0'

1. Summary
----------

CAUTION (success, with warnings) in the upgrade of design_1_uart_0_0 (xilinx.com:user:uart:1.0) from (Rev. 23) to (Rev. 24)

After upgrade, an IP may have parameter and port differences compared to the original customization. Please review the parameters within the IP customization GUI to ensure proper functionality. Also, please review the updated IP instantiation template to ensure proper connectivity, and update your design if required.

2. Connection Warnings
----------------------

Detected external port differences while upgrading 'design_1_uart_0_0'. These changes may impact your design.


-Upgrade has removed port 'rxd'

-Upgrade has removed port 'txd'

-Upgrade has added port 'uart_rx'







Copyright 1986-2018 Xilinx, Inc. All Rights Reserved.
------------------------------------------------------------------------------------
| Tool Version : Vivado v.2018.3 (win64) Build 2405991 Thu Dec  6 23:38:27 MST 2018
| Date         : Sun May 25 23:56:54 2025
| Host         : yo running 64-bit major release  (build 9200)
| Command      : upgrade_ip
| Device       : xc7z020clg484-1
------------------------------------------------------------------------------------

Upgrade Log for IP 'design_1_uart_0_0'

1. Summary
----------

SUCCESS in the upgrade of design_1_uart_0_0 (xilinx.com:user:uart:1.0) from (Rev. 22) to (Rev. 23)






Copyright 1986-2018 Xilinx, Inc. All Rights Reserved.
------------------------------------------------------------------------------------
| Tool Version : Vivado v.2018.3 (win64) Build 2405991 Thu Dec  6 23:38:27 MST 2018
| Date         : Sun May 25 23:45:16 2025
| Host         : yo running 64-bit major release  (build 9200)
| Command      : upgrade_ip
| Device       : xc7z020clg484-1
------------------------------------------------------------------------------------

Upgrade Log for IP 'design_1_uart_0_0'

1. Summary
----------

CAUTION (success, with warnings) in the upgrade of design_1_uart_0_0 (xilinx.com:user:uart:1.0) from (Rev. 15) to (Rev. 22)

After upgrade, an IP may have parameter and port differences compared to the original customization. Please review the parameters within the IP customization GUI to ensure proper functionality. Also, please review the updated IP instantiation template to ensure proper connectivity, and update your design if required.

2. Interface Information
------------------------

Detected external interface differences while upgrading 'design_1_uart_0_0'.


-Upgrade has removed interface 'rst'

-Upgrade has added interface 'rst_n' (xilinx.com:signal:reset:1.0)


3. Connection Warnings
----------------------

Detected external port differences while upgrading 'design_1_uart_0_0'. These changes may impact your design.


-Upgrade has removed port 'rst'

-Upgrade has removed port 'uart_rx'

-Upgrade has removed port 'uart_tx'

-Upgrade has added port 'rst_n'

-Upgrade has added port 'rxd'

-Upgrade has added port 'txd'







Copyright 1986-2018 Xilinx, Inc. All Rights Reserved.
------------------------------------------------------------------------------------
| Tool Version : Vivado v.2018.3 (win64) Build 2405991 Thu Dec  6 23:38:27 MST 2018
| Date         : Sun May 25 23:26:32 2025
| Host         : yo running 64-bit major release  (build 9200)
| Command      : upgrade_ip
| Device       : xc7z020clg484-1
------------------------------------------------------------------------------------

Upgrade Log for IP 'design_1_uart_0_0'

1. Summary
----------

SUCCESS in the upgrade of design_1_uart_0_0 (xilinx.com:user:uart:1.0) from (Rev. 13) to (Rev. 15)






Copyright 1986-2018 Xilinx, Inc. All Rights Reserved.
------------------------------------------------------------------------------------
| Tool Version : Vivado v.2018.3 (win64) Build 2405991 Thu Dec  6 23:38:27 MST 2018
| Date         : Sun May 25 23:21:19 2025
| Host         : yo running 64-bit major release  (build 9200)
| Command      : upgrade_ip
| Device       : xc7z020clg484-1
------------------------------------------------------------------------------------

Upgrade Log for IP 'design_1_uart_0_0'

1. Summary
----------

CAUTION (success, with warnings) in the upgrade of design_1_uart_0_0 (xilinx.com:user:uart:1.0) from (Rev. 11) to (Rev. 13)

2. Interface Information
------------------------

Detected external interface differences while upgrading 'design_1_uart_0_0'.


-Upgrade has added interface 'clk' (xilinx.com:signal:clock:1.0)

-Upgrade has added interface 'rst' (xilinx.com:signal:reset:1.0)







Copyright 1986-2018 Xilinx, Inc. All Rights Reserved.
------------------------------------------------------------------------------------
| Tool Version : Vivado v.2018.3 (win64) Build 2405991 Thu Dec  6 23:38:27 MST 2018
| Date         : Sun May 25 22:40:46 2025
| Host         : yo running 64-bit major release  (build 9200)
| Command      : upgrade_ip
| Device       : xc7z020clg484-1
------------------------------------------------------------------------------------

Upgrade Log for IP 'design_1_uart_0_0'

1. Summary
----------

SUCCESS in the upgrade of design_1_uart_0_0 (xilinx.com:user:uart:1.0) from (Rev. 10) to (Rev. 11)






Copyright 1986-2018 Xilinx, Inc. All Rights Reserved.
------------------------------------------------------------------------------------
| Tool Version : Vivado v.2018.3 (win64) Build 2405991 Thu Dec  6 23:38:27 MST 2018
| Date         : Sun May 25 22:08:13 2025
| Host         : yo running 64-bit major release  (build 9200)
| Command      : upgrade_ip
| Device       : xc7z020clg484-1
------------------------------------------------------------------------------------

Upgrade Log for IP 'design_1_uart_0_0'

1. Summary
----------

CAUTION (success, with warnings) in the upgrade of design_1_uart_0_0 (xilinx.com:user:uart:1.0) from (Rev. 8) to (Rev. 10)

After upgrade, an IP may have parameter and port differences compared to the original customization. Please review the parameters within the IP customization GUI to ensure proper functionality. Also, please review the updated IP instantiation template to ensure proper connectivity, and update your design if required.

2. Interface Information
------------------------

Detected external interface differences while upgrading 'design_1_uart_0_0'.


-Upgrade has removed interface 'axi_bus'

-Upgrade has removed interface 'clk'

-Upgrade has removed interface 'rst'


3. Connection Warnings
----------------------

Detected external port differences while upgrading 'design_1_uart_0_0'. These changes may impact your design.


-Upgrade has removed port 's_axi_araddr'

-Upgrade has removed port 's_axi_arready'

-Upgrade has removed port 's_axi_arvalid'

-Upgrade has removed port 's_axi_awaddr'

-Upgrade has removed port 's_axi_awready'

-Upgrade has removed port 's_axi_awvalid'

-Upgrade has removed port 's_axi_bready'

-Upgrade has removed port 's_axi_bresp'

-Upgrade has removed port 's_axi_bvalid'

-Upgrade has removed port 's_axi_rdata'

-Upgrade has removed port 's_axi_rready'

-Upgrade has removed port 's_axi_rresp'

-Upgrade has removed port 's_axi_rvalid'

-Upgrade has removed port 's_axi_wdata'

-Upgrade has removed port 's_axi_wready'

-Upgrade has removed port 's_axi_wstrb'

-Upgrade has removed port 's_axi_wvalid'


4. Customization warnings
-------------------------

Parameter 'C_S_AXI_DATA_WIDTH' is no longer present on the upgraded IP 'design_1_uart_0_0', and cannot be set to '32'

Parameter 'C_S_AXI_ADDR_WIDTH' is no longer present on the upgraded IP 'design_1_uart_0_0', and cannot be set to '4'


5. Debug Commands
-----------------

  The following debug information can be passed to Vivado as Tcl commands,
in order to validate or debug the output of the upgrade flow.
  You may consult any warnings from within this upgrade, and alter or remove
the configuration parameter(s) which caused the warning; then execute the Tcl
commands, and use the IP Customization GUI to verify the IP configuration.

create_ip -vlnv xilinx.com:user:uart:1.0 -user_name design_1_uart_0_0
set_property -dict "\
  CONFIG.C_S00_AXI_BASEADDR {0xFFFFFFFF} \
  CONFIG.C_S00_AXI_HIGHADDR {0x00000000} \
  CONFIG.Component_Name {design_1_uart_0_0} " [get_ips design_1_uart_0_0]







Copyright 1986-2018 Xilinx, Inc. All Rights Reserved.
------------------------------------------------------------------------------------
| Tool Version : Vivado v.2018.3 (win64) Build 2405991 Thu Dec  6 23:38:27 MST 2018
| Date         : Sun May 25 21:35:11 2025
| Host         : yo running 64-bit major release  (build 9200)
| Command      : upgrade_ip
| Device       : xc7z020clg484-1
------------------------------------------------------------------------------------

Upgrade Log for IP 'design_1_uart_0_0'

1. Summary
----------

SUCCESS in the upgrade of design_1_uart_0_0 (xilinx.com:user:uart:1.0) from (Rev. 6) to (Rev. 8)

