10:46:43 **** Incremental Build of configuration Debug for project hw1_sdk ****
make pre-build main-build 
a9-linaro-pre-build-step
' '
'Building file: ../src/helloworld.c'
'Invoking: ARM v7 gcc compiler'
arm-none-eabi-gcc -Wall -O0 -g3 -c -fmessage-length=0 -MT"src/helloworld.o" -mcpu=cortex-a9 -mfpu=vfpv3 -mfloat-abi=hard -I../../HW1/ps7_cortexa9_0/include -MMD -MP -MF"src/helloworld.d" -MT"src/helloworld.o" -o "src/helloworld.o" "../src/helloworld.c"
'Finished building: ../src/helloworld.c'
' '
'Building target: hw1_sdk.elf'
'Invoking: ARM v7 gcc linker'
arm-none-eabi-gcc -mcpu=cortex-a9 -mfpu=vfpv3 -mfloat-abi=hard -Wl,-build-id=none -specs=Xilinx.spec -Wl,-T -Wl,../src/lscript.ld -L../../HW1/ps7_cortexa9_0/lib -o "hw1_sdk.elf"  ./src/helloworld.o ./src/platform.o   -Wl,--start-group,-lxil,-lgcc,-lc,--end-group
'Finished building target: hw1_sdk.elf'
' '
'Invoking: ARM v7 Print Size'
arm-none-eabi-size hw1_sdk.elf  |tee "hw1_sdk.elf.size"
   text	   data	    bss	    dec	    hex	filename
  20572	   1160	  22584	  44316	   ad1c	hw1_sdk.elf
'Finished building: hw1_sdk.elf.size'
' '

10:46:43 Build Finished (took 668ms)

