01:42:38 INFO  : Registering command handlers for SDK TCF services
01:42:38 INFO  : Launching XSCT server: xsct.bat -interactive D:\Documents\Vivado_data\hw_1\hw_1.sdk\temp_xsdb_launch_script.tcl
01:42:40 INFO  : XSCT server has started successfully.
01:42:40 INFO  : Successfully done setting XSCT server connection channel  
01:42:40 INFO  : Successfully done setting SDK workspace  
01:42:40 INFO  : Processing command line option -hwspec D:/Documents/Vivado_data/hw_1/hw_1.sdk/block_design_wrapper.hdf.
01:44:32 INFO  : 'targets -set -filter {jtag_cable_name =~ "Xilinx TUL 1234-tulA" && level==0} -index 1' command is executed.
01:44:32 INFO  : 'fpga -state' command is executed.
01:44:32 INFO  : Connected to target on host '127.0.0.1' and port '3121'.
01:44:32 INFO  : Jtag cable 'Xilinx TUL 1234-tulA' is selected.
01:44:32 INFO  : 'jtag frequency' command is executed.
01:44:32 INFO  : Sourcing of 'D:/Documents/Vivado_data/hw_1/hw_1.sdk/block_design_wrapper_hw_platform_0/ps7_init.tcl' is done.
01:44:32 INFO  : Context for 'APU' is selected.
01:44:32 INFO  : Hardware design information is loaded from 'D:/Documents/Vivado_data/hw_1/hw_1.sdk/block_design_wrapper_hw_platform_0/system.hdf'.
01:44:32 INFO  : 'configparams force-mem-access 1' command is executed.
01:44:32 INFO  : Context for 'APU' is selected.
01:44:33 INFO  : 'stop' command is executed.
01:44:33 INFO  : 'ps7_init' command is executed.
01:44:33 INFO  : 'ps7_post_config' command is executed.
01:44:33 INFO  : Context for processor 'ps7_cortexa9_0' is selected.
01:44:33 INFO  : Processor reset is completed for 'ps7_cortexa9_0'.
01:44:33 INFO  : Context for processor 'ps7_cortexa9_0' is selected.
01:44:33 INFO  : The application 'D:/Documents/Vivado_data/hw_1/hw_1.sdk/hw1_sdk/Debug/hw1_sdk.elf' is downloaded to processor 'ps7_cortexa9_0'.
01:44:33 INFO  : 'configparams force-mem-access 0' command is executed.
01:44:33 INFO  : ----------------XSDB Script----------------
connect -url tcp:127.0.0.1:3121
source D:/Documents/Vivado_data/hw_1/hw_1.sdk/block_design_wrapper_hw_platform_0/ps7_init.tcl
targets -set -nocase -filter {name =~"APU*" && jtag_cable_name =~ "Xilinx TUL 1234-tulA"} -index 0
loadhw -hw D:/Documents/Vivado_data/hw_1/hw_1.sdk/block_design_wrapper_hw_platform_0/system.hdf -mem-ranges [list {0x40000000 0xbfffffff}]
configparams force-mem-access 1
targets -set -nocase -filter {name =~"APU*" && jtag_cable_name =~ "Xilinx TUL 1234-tulA"} -index 0
stop
ps7_init
ps7_post_config
targets -set -nocase -filter {name =~ "ARM*#0" && jtag_cable_name =~ "Xilinx TUL 1234-tulA"} -index 0
rst -processor
targets -set -nocase -filter {name =~ "ARM*#0" && jtag_cable_name =~ "Xilinx TUL 1234-tulA"} -index 0
dow D:/Documents/Vivado_data/hw_1/hw_1.sdk/hw1_sdk/Debug/hw1_sdk.elf
configparams force-mem-access 0
----------------End of Script----------------

01:44:33 INFO  : Memory regions updated for context APU
01:44:33 INFO  : Context for processor 'ps7_cortexa9_0' is selected.
01:44:33 INFO  : 'con' command is executed.
01:44:33 INFO  : ----------------XSDB Script (After Launch)----------------
targets -set -nocase -filter {name =~ "ARM*#0" && jtag_cable_name =~ "Xilinx TUL 1234-tulA"} -index 0
con
----------------End of Script----------------

01:44:33 INFO  : Launch script is exported to file 'D:\Documents\Vivado_data\hw_1\hw_1.sdk\.sdk\launch_scripts\xilinx_c-c++_application_(system_debugger)\system_debugger_using_debug_hw1_sdk.elf_on_local.tcl'
01:49:26 INFO  : Disconnected from the channel tcfchan#1.
01:49:27 INFO  : 'targets -set -filter {jtag_cable_name =~ "Xilinx TUL 1234-tulA" && level==0} -index 1' command is executed.
01:49:27 INFO  : 'fpga -state' command is executed.
01:49:27 INFO  : Connected to target on host '127.0.0.1' and port '3121'.
01:49:27 INFO  : Jtag cable 'Xilinx TUL 1234-tulA' is selected.
01:49:27 INFO  : 'jtag frequency' command is executed.
01:49:27 INFO  : Sourcing of 'D:/Documents/Vivado_data/hw_1/hw_1.sdk/block_design_wrapper_hw_platform_0/ps7_init.tcl' is done.
01:49:27 INFO  : Context for 'APU' is selected.
01:49:28 INFO  : Hardware design information is loaded from 'D:/Documents/Vivado_data/hw_1/hw_1.sdk/block_design_wrapper_hw_platform_0/system.hdf'.
01:49:28 INFO  : 'configparams force-mem-access 1' command is executed.
01:49:28 INFO  : Context for 'APU' is selected.
01:49:28 INFO  : 'stop' command is executed.
01:49:29 INFO  : 'ps7_init' command is executed.
01:49:29 INFO  : 'ps7_post_config' command is executed.
01:49:29 INFO  : Context for processor 'ps7_cortexa9_0' is selected.
01:49:29 INFO  : Processor reset is completed for 'ps7_cortexa9_0'.
01:49:29 INFO  : Context for processor 'ps7_cortexa9_0' is selected.
01:49:29 INFO  : The application 'D:/Documents/Vivado_data/hw_1/hw_1.sdk/hw1_sdk/Debug/hw1_sdk.elf' is downloaded to processor 'ps7_cortexa9_0'.
01:49:29 INFO  : 'configparams force-mem-access 0' command is executed.
01:49:29 INFO  : ----------------XSDB Script----------------
connect -url tcp:127.0.0.1:3121
source D:/Documents/Vivado_data/hw_1/hw_1.sdk/block_design_wrapper_hw_platform_0/ps7_init.tcl
targets -set -nocase -filter {name =~"APU*" && jtag_cable_name =~ "Xilinx TUL 1234-tulA"} -index 0
loadhw -hw D:/Documents/Vivado_data/hw_1/hw_1.sdk/block_design_wrapper_hw_platform_0/system.hdf -mem-ranges [list {0x40000000 0xbfffffff}]
configparams force-mem-access 1
targets -set -nocase -filter {name =~"APU*" && jtag_cable_name =~ "Xilinx TUL 1234-tulA"} -index 0
stop
ps7_init
ps7_post_config
targets -set -nocase -filter {name =~ "ARM*#0" && jtag_cable_name =~ "Xilinx TUL 1234-tulA"} -index 0
rst -processor
targets -set -nocase -filter {name =~ "ARM*#0" && jtag_cable_name =~ "Xilinx TUL 1234-tulA"} -index 0
dow D:/Documents/Vivado_data/hw_1/hw_1.sdk/hw1_sdk/Debug/hw1_sdk.elf
configparams force-mem-access 0
----------------End of Script----------------

01:49:29 INFO  : Memory regions updated for context APU
01:49:29 INFO  : Context for processor 'ps7_cortexa9_0' is selected.
01:49:29 INFO  : 'con' command is executed.
01:49:29 INFO  : ----------------XSDB Script (After Launch)----------------
targets -set -nocase -filter {name =~ "ARM*#0" && jtag_cable_name =~ "Xilinx TUL 1234-tulA"} -index 0
con
----------------End of Script----------------

01:49:29 INFO  : Launch script is exported to file 'D:\Documents\Vivado_data\hw_1\hw_1.sdk\.sdk\launch_scripts\xilinx_c-c++_application_(system_debugger)\system_debugger_using_debug_hw1_sdk.elf_on_local.tcl'
01:53:20 INFO  : Disconnected from the channel tcfchan#2.
01:53:21 INFO  : 'targets -set -filter {jtag_cable_name =~ "Xilinx TUL 1234-tulA" && level==0} -index 1' command is executed.
01:53:21 INFO  : 'fpga -state' command is executed.
01:53:21 INFO  : Connected to target on host '127.0.0.1' and port '3121'.
01:53:21 INFO  : Jtag cable 'Xilinx TUL 1234-tulA' is selected.
01:53:21 INFO  : 'jtag frequency' command is executed.
01:53:21 INFO  : Sourcing of 'D:/Documents/Vivado_data/hw_1/hw_1.sdk/block_design_wrapper_hw_platform_0/ps7_init.tcl' is done.
01:53:21 INFO  : Context for 'APU' is selected.
01:53:22 INFO  : Hardware design information is loaded from 'D:/Documents/Vivado_data/hw_1/hw_1.sdk/block_design_wrapper_hw_platform_0/system.hdf'.
01:53:22 INFO  : 'configparams force-mem-access 1' command is executed.
01:53:22 INFO  : Context for 'APU' is selected.
01:53:22 INFO  : 'stop' command is executed.
01:53:22 INFO  : 'ps7_init' command is executed.
01:53:22 INFO  : 'ps7_post_config' command is executed.
01:53:22 INFO  : Context for processor 'ps7_cortexa9_0' is selected.
01:53:23 INFO  : Processor reset is completed for 'ps7_cortexa9_0'.
01:53:23 INFO  : Context for processor 'ps7_cortexa9_0' is selected.
01:53:23 INFO  : The application 'D:/Documents/Vivado_data/hw_1/hw_1.sdk/hw1_sdk/Debug/hw1_sdk.elf' is downloaded to processor 'ps7_cortexa9_0'.
01:53:23 INFO  : 'configparams force-mem-access 0' command is executed.
01:53:23 INFO  : ----------------XSDB Script----------------
connect -url tcp:127.0.0.1:3121
source D:/Documents/Vivado_data/hw_1/hw_1.sdk/block_design_wrapper_hw_platform_0/ps7_init.tcl
targets -set -nocase -filter {name =~"APU*" && jtag_cable_name =~ "Xilinx TUL 1234-tulA"} -index 0
loadhw -hw D:/Documents/Vivado_data/hw_1/hw_1.sdk/block_design_wrapper_hw_platform_0/system.hdf -mem-ranges [list {0x40000000 0xbfffffff}]
configparams force-mem-access 1
targets -set -nocase -filter {name =~"APU*" && jtag_cable_name =~ "Xilinx TUL 1234-tulA"} -index 0
stop
ps7_init
ps7_post_config
targets -set -nocase -filter {name =~ "ARM*#0" && jtag_cable_name =~ "Xilinx TUL 1234-tulA"} -index 0
rst -processor
targets -set -nocase -filter {name =~ "ARM*#0" && jtag_cable_name =~ "Xilinx TUL 1234-tulA"} -index 0
dow D:/Documents/Vivado_data/hw_1/hw_1.sdk/hw1_sdk/Debug/hw1_sdk.elf
configparams force-mem-access 0
----------------End of Script----------------

01:53:23 INFO  : Memory regions updated for context APU
01:53:23 INFO  : Context for processor 'ps7_cortexa9_0' is selected.
01:53:23 INFO  : 'con' command is executed.
01:53:23 INFO  : ----------------XSDB Script (After Launch)----------------
targets -set -nocase -filter {name =~ "ARM*#0" && jtag_cable_name =~ "Xilinx TUL 1234-tulA"} -index 0
con
----------------End of Script----------------

01:53:23 INFO  : Launch script is exported to file 'D:\Documents\Vivado_data\hw_1\hw_1.sdk\.sdk\launch_scripts\xilinx_c-c++_application_(system_debugger)\system_debugger_using_debug_hw1_sdk.elf_on_local.tcl'
01:56:35 INFO  : Disconnected from the channel tcfchan#3.
01:56:36 INFO  : 'targets -set -filter {jtag_cable_name =~ "Xilinx TUL 1234-tulA" && level==0} -index 1' command is executed.
01:56:37 INFO  : 'fpga -state' command is executed.
01:56:37 INFO  : Connected to target on host '127.0.0.1' and port '3121'.
01:56:37 INFO  : Jtag cable 'Xilinx TUL 1234-tulA' is selected.
01:56:37 INFO  : 'jtag frequency' command is executed.
01:56:37 INFO  : Sourcing of 'D:/Documents/Vivado_data/hw_1/hw_1.sdk/block_design_wrapper_hw_platform_0/ps7_init.tcl' is done.
01:56:37 INFO  : Context for 'APU' is selected.
01:56:38 INFO  : Hardware design information is loaded from 'D:/Documents/Vivado_data/hw_1/hw_1.sdk/block_design_wrapper_hw_platform_0/system.hdf'.
01:56:38 INFO  : 'configparams force-mem-access 1' command is executed.
01:56:38 INFO  : Context for 'APU' is selected.
01:56:38 INFO  : 'stop' command is executed.
01:56:38 INFO  : 'ps7_init' command is executed.
01:56:38 INFO  : 'ps7_post_config' command is executed.
01:56:38 INFO  : Context for processor 'ps7_cortexa9_0' is selected.
01:56:38 INFO  : Processor reset is completed for 'ps7_cortexa9_0'.
01:56:38 INFO  : Context for processor 'ps7_cortexa9_0' is selected.
01:56:38 INFO  : The application 'D:/Documents/Vivado_data/hw_1/hw_1.sdk/hw1_sdk/Debug/hw1_sdk.elf' is downloaded to processor 'ps7_cortexa9_0'.
01:56:38 INFO  : 'configparams force-mem-access 0' command is executed.
01:56:38 INFO  : ----------------XSDB Script----------------
connect -url tcp:127.0.0.1:3121
source D:/Documents/Vivado_data/hw_1/hw_1.sdk/block_design_wrapper_hw_platform_0/ps7_init.tcl
targets -set -nocase -filter {name =~"APU*" && jtag_cable_name =~ "Xilinx TUL 1234-tulA"} -index 0
loadhw -hw D:/Documents/Vivado_data/hw_1/hw_1.sdk/block_design_wrapper_hw_platform_0/system.hdf -mem-ranges [list {0x40000000 0xbfffffff}]
configparams force-mem-access 1
targets -set -nocase -filter {name =~"APU*" && jtag_cable_name =~ "Xilinx TUL 1234-tulA"} -index 0
stop
ps7_init
ps7_post_config
targets -set -nocase -filter {name =~ "ARM*#0" && jtag_cable_name =~ "Xilinx TUL 1234-tulA"} -index 0
rst -processor
targets -set -nocase -filter {name =~ "ARM*#0" && jtag_cable_name =~ "Xilinx TUL 1234-tulA"} -index 0
dow D:/Documents/Vivado_data/hw_1/hw_1.sdk/hw1_sdk/Debug/hw1_sdk.elf
configparams force-mem-access 0
----------------End of Script----------------

01:56:38 INFO  : Memory regions updated for context APU
01:56:38 INFO  : Context for processor 'ps7_cortexa9_0' is selected.
01:56:38 INFO  : 'con' command is executed.
01:56:38 INFO  : ----------------XSDB Script (After Launch)----------------
targets -set -nocase -filter {name =~ "ARM*#0" && jtag_cable_name =~ "Xilinx TUL 1234-tulA"} -index 0
con
----------------End of Script----------------

01:56:38 INFO  : Launch script is exported to file 'D:\Documents\Vivado_data\hw_1\hw_1.sdk\.sdk\launch_scripts\xilinx_c-c++_application_(system_debugger)\system_debugger_using_debug_hw1_sdk.elf_on_local.tcl'
01:57:12 INFO  : Disconnected from the channel tcfchan#4.
01:57:13 INFO  : 'targets -set -filter {jtag_cable_name =~ "Xilinx TUL 1234-tulA" && level==0} -index 1' command is executed.
01:57:13 INFO  : 'fpga -state' command is executed.
01:57:13 INFO  : Connected to target on host '127.0.0.1' and port '3121'.
01:57:13 INFO  : Jtag cable 'Xilinx TUL 1234-tulA' is selected.
01:57:13 INFO  : 'jtag frequency' command is executed.
01:57:13 INFO  : Sourcing of 'D:/Documents/Vivado_data/hw_1/hw_1.sdk/block_design_wrapper_hw_platform_0/ps7_init.tcl' is done.
01:57:13 INFO  : Context for 'APU' is selected.
01:57:14 INFO  : Hardware design information is loaded from 'D:/Documents/Vivado_data/hw_1/hw_1.sdk/block_design_wrapper_hw_platform_0/system.hdf'.
01:57:14 INFO  : 'configparams force-mem-access 1' command is executed.
01:57:14 INFO  : Context for 'APU' is selected.
01:57:14 INFO  : 'stop' command is executed.
01:57:15 INFO  : 'ps7_init' command is executed.
01:57:15 INFO  : 'ps7_post_config' command is executed.
01:57:15 INFO  : Context for processor 'ps7_cortexa9_0' is selected.
01:57:15 INFO  : Processor reset is completed for 'ps7_cortexa9_0'.
01:57:15 INFO  : Context for processor 'ps7_cortexa9_0' is selected.
01:57:15 INFO  : The application 'D:/Documents/Vivado_data/hw_1/hw_1.sdk/hw1_sdk/Debug/hw1_sdk.elf' is downloaded to processor 'ps7_cortexa9_0'.
01:57:15 INFO  : 'configparams force-mem-access 0' command is executed.
01:57:15 INFO  : ----------------XSDB Script----------------
connect -url tcp:127.0.0.1:3121
source D:/Documents/Vivado_data/hw_1/hw_1.sdk/block_design_wrapper_hw_platform_0/ps7_init.tcl
targets -set -nocase -filter {name =~"APU*" && jtag_cable_name =~ "Xilinx TUL 1234-tulA"} -index 0
loadhw -hw D:/Documents/Vivado_data/hw_1/hw_1.sdk/block_design_wrapper_hw_platform_0/system.hdf -mem-ranges [list {0x40000000 0xbfffffff}]
configparams force-mem-access 1
targets -set -nocase -filter {name =~"APU*" && jtag_cable_name =~ "Xilinx TUL 1234-tulA"} -index 0
stop
ps7_init
ps7_post_config
targets -set -nocase -filter {name =~ "ARM*#0" && jtag_cable_name =~ "Xilinx TUL 1234-tulA"} -index 0
rst -processor
targets -set -nocase -filter {name =~ "ARM*#0" && jtag_cable_name =~ "Xilinx TUL 1234-tulA"} -index 0
dow D:/Documents/Vivado_data/hw_1/hw_1.sdk/hw1_sdk/Debug/hw1_sdk.elf
configparams force-mem-access 0
----------------End of Script----------------

01:57:15 INFO  : Memory regions updated for context APU
01:57:15 INFO  : Context for processor 'ps7_cortexa9_0' is selected.
01:57:15 INFO  : 'con' command is executed.
01:57:15 INFO  : ----------------XSDB Script (After Launch)----------------
targets -set -nocase -filter {name =~ "ARM*#0" && jtag_cable_name =~ "Xilinx TUL 1234-tulA"} -index 0
con
----------------End of Script----------------

01:57:15 INFO  : Launch script is exported to file 'D:\Documents\Vivado_data\hw_1\hw_1.sdk\.sdk\launch_scripts\xilinx_c-c++_application_(system_debugger)\system_debugger_using_debug_hw1_sdk.elf_on_local.tcl'
01:58:18 INFO  : Disconnected from the channel tcfchan#5.
02:03:56 INFO  : Registering command handlers for SDK TCF services
02:03:56 INFO  : Launching XSCT server: xsct.bat -interactive D:\Documents\Vivado_data\hw_1\hw_1.sdk\temp_xsdb_launch_script.tcl
02:03:58 INFO  : XSCT server has started successfully.
02:03:58 INFO  : Successfully done setting XSCT server connection channel  
02:03:58 INFO  : Successfully done setting SDK workspace  
02:03:58 INFO  : Processing command line option -hwspec D:/Documents/Vivado_data/hw_1/hw_1.sdk/block_design_wrapper.hdf.
02:03:58 INFO  : Checking for hwspec changes in the project block_design_wrapper_hw_platform_0.
02:04:11 INFO  : 'targets -set -filter {jtag_cable_name =~ "Xilinx TUL 1234-tulA" && level==0} -index 1' command is executed.
02:04:11 INFO  : 'fpga -state' command is executed.
02:04:11 INFO  : Connected to target on host '127.0.0.1' and port '3121'.
02:04:11 INFO  : Jtag cable 'Xilinx TUL 1234-tulA' is selected.
02:04:11 INFO  : 'jtag frequency' command is executed.
02:04:11 INFO  : Sourcing of 'D:/Documents/Vivado_data/hw_1/hw_1.sdk/block_design_wrapper_hw_platform_0/ps7_init.tcl' is done.
02:04:11 INFO  : Context for 'APU' is selected.
02:04:11 INFO  : Hardware design information is loaded from 'D:/Documents/Vivado_data/hw_1/hw_1.sdk/block_design_wrapper_hw_platform_0/system.hdf'.
02:04:11 INFO  : 'configparams force-mem-access 1' command is executed.
02:04:11 INFO  : Context for 'APU' is selected.
02:04:11 INFO  : 'stop' command is executed.
02:04:11 INFO  : 'ps7_init' command is executed.
02:04:11 INFO  : 'ps7_post_config' command is executed.
02:04:11 INFO  : Context for processor 'ps7_cortexa9_0' is selected.
02:04:11 INFO  : Processor reset is completed for 'ps7_cortexa9_0'.
02:04:11 INFO  : Context for processor 'ps7_cortexa9_0' is selected.
02:04:12 INFO  : The application 'D:/Documents/Vivado_data/hw_1/hw_1.sdk/hw1_sdk/Debug/hw1_sdk.elf' is downloaded to processor 'ps7_cortexa9_0'.
02:04:12 INFO  : 'configparams force-mem-access 0' command is executed.
02:04:12 INFO  : ----------------XSDB Script----------------
connect -url tcp:127.0.0.1:3121
source D:/Documents/Vivado_data/hw_1/hw_1.sdk/block_design_wrapper_hw_platform_0/ps7_init.tcl
targets -set -nocase -filter {name =~"APU*" && jtag_cable_name =~ "Xilinx TUL 1234-tulA"} -index 0
loadhw -hw D:/Documents/Vivado_data/hw_1/hw_1.sdk/block_design_wrapper_hw_platform_0/system.hdf -mem-ranges [list {0x40000000 0xbfffffff}]
configparams force-mem-access 1
targets -set -nocase -filter {name =~"APU*" && jtag_cable_name =~ "Xilinx TUL 1234-tulA"} -index 0
stop
ps7_init
ps7_post_config
targets -set -nocase -filter {name =~ "ARM*#0" && jtag_cable_name =~ "Xilinx TUL 1234-tulA"} -index 0
rst -processor
targets -set -nocase -filter {name =~ "ARM*#0" && jtag_cable_name =~ "Xilinx TUL 1234-tulA"} -index 0
dow D:/Documents/Vivado_data/hw_1/hw_1.sdk/hw1_sdk/Debug/hw1_sdk.elf
configparams force-mem-access 0
----------------End of Script----------------

02:04:12 INFO  : Memory regions updated for context APU
02:04:12 INFO  : Context for processor 'ps7_cortexa9_0' is selected.
02:04:12 INFO  : 'con' command is executed.
02:04:12 INFO  : ----------------XSDB Script (After Launch)----------------
targets -set -nocase -filter {name =~ "ARM*#0" && jtag_cable_name =~ "Xilinx TUL 1234-tulA"} -index 0
con
----------------End of Script----------------

02:04:12 INFO  : Launch script is exported to file 'D:\Documents\Vivado_data\hw_1\hw_1.sdk\.sdk\launch_scripts\xilinx_c-c++_application_(system_debugger)\system_debugger_using_debug_hw1_sdk.elf_on_local.tcl'
02:05:00 INFO  : Disconnected from the channel tcfchan#1.
02:05:01 INFO  : 'targets -set -filter {jtag_cable_name =~ "Xilinx TUL 1234-tulA" && level==0} -index 1' command is executed.
02:05:01 INFO  : 'fpga -state' command is executed.
02:05:01 INFO  : Connected to target on host '127.0.0.1' and port '3121'.
02:05:01 INFO  : Jtag cable 'Xilinx TUL 1234-tulA' is selected.
02:05:01 INFO  : 'jtag frequency' command is executed.
02:05:01 INFO  : Sourcing of 'D:/Documents/Vivado_data/hw_1/hw_1.sdk/block_design_wrapper_hw_platform_0/ps7_init.tcl' is done.
02:05:01 INFO  : Context for 'APU' is selected.
02:05:02 INFO  : Hardware design information is loaded from 'D:/Documents/Vivado_data/hw_1/hw_1.sdk/block_design_wrapper_hw_platform_0/system.hdf'.
02:05:02 INFO  : 'configparams force-mem-access 1' command is executed.
02:05:02 INFO  : Context for 'APU' is selected.
02:05:02 INFO  : 'stop' command is executed.
02:05:03 INFO  : 'ps7_init' command is executed.
02:05:03 INFO  : 'ps7_post_config' command is executed.
02:05:03 INFO  : Context for processor 'ps7_cortexa9_0' is selected.
02:05:03 INFO  : Processor reset is completed for 'ps7_cortexa9_0'.
02:05:03 INFO  : Context for processor 'ps7_cortexa9_0' is selected.
02:05:03 INFO  : The application 'D:/Documents/Vivado_data/hw_1/hw_1.sdk/hw1_sdk/Debug/hw1_sdk.elf' is downloaded to processor 'ps7_cortexa9_0'.
02:05:03 INFO  : 'configparams force-mem-access 0' command is executed.
02:05:03 INFO  : ----------------XSDB Script----------------
connect -url tcp:127.0.0.1:3121
source D:/Documents/Vivado_data/hw_1/hw_1.sdk/block_design_wrapper_hw_platform_0/ps7_init.tcl
targets -set -nocase -filter {name =~"APU*" && jtag_cable_name =~ "Xilinx TUL 1234-tulA"} -index 0
loadhw -hw D:/Documents/Vivado_data/hw_1/hw_1.sdk/block_design_wrapper_hw_platform_0/system.hdf -mem-ranges [list {0x40000000 0xbfffffff}]
configparams force-mem-access 1
targets -set -nocase -filter {name =~"APU*" && jtag_cable_name =~ "Xilinx TUL 1234-tulA"} -index 0
stop
ps7_init
ps7_post_config
targets -set -nocase -filter {name =~ "ARM*#0" && jtag_cable_name =~ "Xilinx TUL 1234-tulA"} -index 0
rst -processor
targets -set -nocase -filter {name =~ "ARM*#0" && jtag_cable_name =~ "Xilinx TUL 1234-tulA"} -index 0
dow D:/Documents/Vivado_data/hw_1/hw_1.sdk/hw1_sdk/Debug/hw1_sdk.elf
configparams force-mem-access 0
----------------End of Script----------------

02:05:03 INFO  : Memory regions updated for context APU
02:05:03 INFO  : Context for processor 'ps7_cortexa9_0' is selected.
02:05:03 INFO  : 'con' command is executed.
02:05:03 INFO  : ----------------XSDB Script (After Launch)----------------
targets -set -nocase -filter {name =~ "ARM*#0" && jtag_cable_name =~ "Xilinx TUL 1234-tulA"} -index 0
con
----------------End of Script----------------

02:05:03 INFO  : Launch script is exported to file 'D:\Documents\Vivado_data\hw_1\hw_1.sdk\.sdk\launch_scripts\xilinx_c-c++_application_(system_debugger)\system_debugger_using_debug_hw1_sdk.elf_on_local.tcl'
02:12:29 INFO  : Disconnected from the channel tcfchan#2.
02:19:37 INFO  : Registering command handlers for SDK TCF services
02:19:37 INFO  : Launching XSCT server: xsct.bat -interactive D:\Documents\Vivado_data\hw_1\hw_1.sdk\temp_xsdb_launch_script.tcl
02:19:40 INFO  : XSCT server has started successfully.
02:19:42 INFO  : Successfully done setting XSCT server connection channel  
02:19:42 INFO  : Successfully done setting SDK workspace  
02:19:42 INFO  : Processing command line option -hwspec D:/Documents/Vivado_data/hw_1/hw_1.sdk/block_design_wrapper.hdf.
02:19:42 INFO  : Checking for hwspec changes in the project block_design_wrapper_hw_platform_0.
02:19:49 INFO  : 'targets -set -filter {jtag_cable_name =~ "Xilinx TUL 1234-tulA" && level==0} -index 1' command is executed.
02:19:49 INFO  : 'fpga -state' command is executed.
02:19:49 INFO  : Connected to target on host '127.0.0.1' and port '3121'.
02:19:49 INFO  : Jtag cable 'Xilinx TUL 1234-tulA' is selected.
02:19:49 INFO  : 'jtag frequency' command is executed.
02:19:50 INFO  : Sourcing of 'D:/Documents/Vivado_data/hw_1/hw_1.sdk/block_design_wrapper_hw_platform_0/ps7_init.tcl' is done.
02:19:50 INFO  : Context for 'APU' is selected.
02:19:50 INFO  : Hardware design information is loaded from 'D:/Documents/Vivado_data/hw_1/hw_1.sdk/block_design_wrapper_hw_platform_0/system.hdf'.
02:19:50 INFO  : 'configparams force-mem-access 1' command is executed.
02:19:50 INFO  : Context for 'APU' is selected.
02:19:50 INFO  : 'stop' command is executed.
02:19:50 INFO  : 'ps7_init' command is executed.
02:19:50 INFO  : 'ps7_post_config' command is executed.
02:19:50 INFO  : Context for processor 'ps7_cortexa9_0' is selected.
02:19:50 INFO  : Processor reset is completed for 'ps7_cortexa9_0'.
02:19:50 INFO  : Context for processor 'ps7_cortexa9_0' is selected.
02:19:50 INFO  : The application 'D:/Documents/Vivado_data/hw_1/hw_1.sdk/hw1_sdk/Debug/hw1_sdk.elf' is downloaded to processor 'ps7_cortexa9_0'.
02:19:50 INFO  : 'configparams force-mem-access 0' command is executed.
02:19:50 INFO  : ----------------XSDB Script----------------
connect -url tcp:127.0.0.1:3121
source D:/Documents/Vivado_data/hw_1/hw_1.sdk/block_design_wrapper_hw_platform_0/ps7_init.tcl
targets -set -nocase -filter {name =~"APU*" && jtag_cable_name =~ "Xilinx TUL 1234-tulA"} -index 0
loadhw -hw D:/Documents/Vivado_data/hw_1/hw_1.sdk/block_design_wrapper_hw_platform_0/system.hdf -mem-ranges [list {0x40000000 0xbfffffff}]
configparams force-mem-access 1
targets -set -nocase -filter {name =~"APU*" && jtag_cable_name =~ "Xilinx TUL 1234-tulA"} -index 0
stop
ps7_init
ps7_post_config
targets -set -nocase -filter {name =~ "ARM*#0" && jtag_cable_name =~ "Xilinx TUL 1234-tulA"} -index 0
rst -processor
targets -set -nocase -filter {name =~ "ARM*#0" && jtag_cable_name =~ "Xilinx TUL 1234-tulA"} -index 0
dow D:/Documents/Vivado_data/hw_1/hw_1.sdk/hw1_sdk/Debug/hw1_sdk.elf
configparams force-mem-access 0
----------------End of Script----------------

02:19:50 INFO  : Memory regions updated for context APU
02:19:50 INFO  : Context for processor 'ps7_cortexa9_0' is selected.
02:19:50 INFO  : 'con' command is executed.
02:19:50 INFO  : ----------------XSDB Script (After Launch)----------------
targets -set -nocase -filter {name =~ "ARM*#0" && jtag_cable_name =~ "Xilinx TUL 1234-tulA"} -index 0
con
----------------End of Script----------------

02:19:50 INFO  : Launch script is exported to file 'D:\Documents\Vivado_data\hw_1\hw_1.sdk\.sdk\launch_scripts\xilinx_c-c++_application_(system_debugger)\system_debugger_using_debug_hw1_sdk.elf_on_local.tcl'
02:22:24 INFO  : Disconnected from the channel tcfchan#1.
02:22:25 INFO  : 'targets -set -filter {jtag_cable_name =~ "Xilinx TUL 1234-tulA" && level==0} -index 1' command is executed.
02:22:25 INFO  : 'fpga -state' command is executed.
02:22:25 INFO  : Connected to target on host '127.0.0.1' and port '3121'.
02:22:26 INFO  : Jtag cable 'Xilinx TUL 1234-tulA' is selected.
02:22:26 INFO  : 'jtag frequency' command is executed.
02:22:26 INFO  : Sourcing of 'D:/Documents/Vivado_data/hw_1/hw_1.sdk/block_design_wrapper_hw_platform_0/ps7_init.tcl' is done.
02:22:26 INFO  : Context for 'APU' is selected.
02:22:26 INFO  : Hardware design information is loaded from 'D:/Documents/Vivado_data/hw_1/hw_1.sdk/block_design_wrapper_hw_platform_0/system.hdf'.
02:22:26 INFO  : 'configparams force-mem-access 1' command is executed.
02:22:26 INFO  : Context for 'APU' is selected.
02:22:27 INFO  : 'stop' command is executed.
02:22:27 INFO  : 'ps7_init' command is executed.
02:22:27 INFO  : 'ps7_post_config' command is executed.
02:22:27 INFO  : Context for processor 'ps7_cortexa9_0' is selected.
02:22:27 INFO  : Processor reset is completed for 'ps7_cortexa9_0'.
02:22:27 INFO  : Context for processor 'ps7_cortexa9_0' is selected.
02:22:27 INFO  : The application 'D:/Documents/Vivado_data/hw_1/hw_1.sdk/hw1_sdk/Debug/hw1_sdk.elf' is downloaded to processor 'ps7_cortexa9_0'.
02:22:27 INFO  : 'configparams force-mem-access 0' command is executed.
02:22:27 INFO  : ----------------XSDB Script----------------
connect -url tcp:127.0.0.1:3121
source D:/Documents/Vivado_data/hw_1/hw_1.sdk/block_design_wrapper_hw_platform_0/ps7_init.tcl
targets -set -nocase -filter {name =~"APU*" && jtag_cable_name =~ "Xilinx TUL 1234-tulA"} -index 0
loadhw -hw D:/Documents/Vivado_data/hw_1/hw_1.sdk/block_design_wrapper_hw_platform_0/system.hdf -mem-ranges [list {0x40000000 0xbfffffff}]
configparams force-mem-access 1
targets -set -nocase -filter {name =~"APU*" && jtag_cable_name =~ "Xilinx TUL 1234-tulA"} -index 0
stop
ps7_init
ps7_post_config
targets -set -nocase -filter {name =~ "ARM*#0" && jtag_cable_name =~ "Xilinx TUL 1234-tulA"} -index 0
rst -processor
targets -set -nocase -filter {name =~ "ARM*#0" && jtag_cable_name =~ "Xilinx TUL 1234-tulA"} -index 0
dow D:/Documents/Vivado_data/hw_1/hw_1.sdk/hw1_sdk/Debug/hw1_sdk.elf
configparams force-mem-access 0
----------------End of Script----------------

02:22:27 INFO  : Memory regions updated for context APU
02:22:27 INFO  : Context for processor 'ps7_cortexa9_0' is selected.
02:22:27 INFO  : 'con' command is executed.
02:22:27 INFO  : ----------------XSDB Script (After Launch)----------------
targets -set -nocase -filter {name =~ "ARM*#0" && jtag_cable_name =~ "Xilinx TUL 1234-tulA"} -index 0
con
----------------End of Script----------------

02:22:27 INFO  : Launch script is exported to file 'D:\Documents\Vivado_data\hw_1\hw_1.sdk\.sdk\launch_scripts\xilinx_c-c++_application_(system_debugger)\system_debugger_using_debug_hw1_sdk.elf_on_local.tcl'
02:25:57 INFO  : Disconnected from the channel tcfchan#2.
02:25:58 INFO  : 'targets -set -filter {jtag_cable_name =~ "Xilinx TUL 1234-tulA" && level==0} -index 1' command is executed.
02:25:58 INFO  : 'fpga -state' command is executed.
02:25:58 INFO  : Connected to target on host '127.0.0.1' and port '3121'.
02:25:58 INFO  : Jtag cable 'Xilinx TUL 1234-tulA' is selected.
02:25:58 INFO  : 'jtag frequency' command is executed.
02:25:58 INFO  : Sourcing of 'D:/Documents/Vivado_data/hw_1/hw_1.sdk/block_design_wrapper_hw_platform_0/ps7_init.tcl' is done.
02:25:58 INFO  : Context for 'APU' is selected.
02:25:59 INFO  : Hardware design information is loaded from 'D:/Documents/Vivado_data/hw_1/hw_1.sdk/block_design_wrapper_hw_platform_0/system.hdf'.
02:25:59 INFO  : 'configparams force-mem-access 1' command is executed.
02:25:59 INFO  : Context for 'APU' is selected.
02:25:59 INFO  : 'stop' command is executed.
02:25:59 INFO  : 'ps7_init' command is executed.
02:25:59 INFO  : 'ps7_post_config' command is executed.
02:25:59 INFO  : Context for processor 'ps7_cortexa9_0' is selected.
02:26:00 INFO  : Processor reset is completed for 'ps7_cortexa9_0'.
02:26:00 INFO  : Context for processor 'ps7_cortexa9_0' is selected.
02:26:00 INFO  : The application 'D:/Documents/Vivado_data/hw_1/hw_1.sdk/hw1_sdk/Debug/hw1_sdk.elf' is downloaded to processor 'ps7_cortexa9_0'.
02:26:00 INFO  : 'configparams force-mem-access 0' command is executed.
02:26:00 INFO  : ----------------XSDB Script----------------
connect -url tcp:127.0.0.1:3121
source D:/Documents/Vivado_data/hw_1/hw_1.sdk/block_design_wrapper_hw_platform_0/ps7_init.tcl
targets -set -nocase -filter {name =~"APU*" && jtag_cable_name =~ "Xilinx TUL 1234-tulA"} -index 0
loadhw -hw D:/Documents/Vivado_data/hw_1/hw_1.sdk/block_design_wrapper_hw_platform_0/system.hdf -mem-ranges [list {0x40000000 0xbfffffff}]
configparams force-mem-access 1
targets -set -nocase -filter {name =~"APU*" && jtag_cable_name =~ "Xilinx TUL 1234-tulA"} -index 0
stop
ps7_init
ps7_post_config
targets -set -nocase -filter {name =~ "ARM*#0" && jtag_cable_name =~ "Xilinx TUL 1234-tulA"} -index 0
rst -processor
targets -set -nocase -filter {name =~ "ARM*#0" && jtag_cable_name =~ "Xilinx TUL 1234-tulA"} -index 0
dow D:/Documents/Vivado_data/hw_1/hw_1.sdk/hw1_sdk/Debug/hw1_sdk.elf
configparams force-mem-access 0
----------------End of Script----------------

02:26:00 INFO  : Memory regions updated for context APU
02:26:00 INFO  : Context for processor 'ps7_cortexa9_0' is selected.
02:26:00 INFO  : 'con' command is executed.
02:26:00 INFO  : ----------------XSDB Script (After Launch)----------------
targets -set -nocase -filter {name =~ "ARM*#0" && jtag_cable_name =~ "Xilinx TUL 1234-tulA"} -index 0
con
----------------End of Script----------------

02:26:00 INFO  : Launch script is exported to file 'D:\Documents\Vivado_data\hw_1\hw_1.sdk\.sdk\launch_scripts\xilinx_c-c++_application_(system_debugger)\system_debugger_using_debug_hw1_sdk.elf_on_local.tcl'
02:26:09 INFO  : Disconnected from the channel tcfchan#3.
02:28:28 INFO  : Registering command handlers for SDK TCF services
02:28:28 INFO  : Launching XSCT server: xsct.bat -interactive D:\Documents\Vivado_data\hw_1\hw_1.sdk\temp_xsdb_launch_script.tcl
02:28:30 INFO  : XSCT server has started successfully.
02:28:30 INFO  : Successfully done setting XSCT server connection channel  
02:28:33 INFO  : Successfully done setting SDK workspace  
02:28:33 INFO  : Processing command line option -hwspec D:/Documents/Vivado_data/hw_1/hw_1.sdk/block_design_wrapper.hdf.
02:28:33 INFO  : Checking for hwspec changes in the project block_design_wrapper_hw_platform_0.
02:28:43 INFO  : 'targets -set -filter {jtag_cable_name =~ "Xilinx TUL 1234-tulA" && level==0} -index 1' command is executed.
02:28:43 INFO  : 'fpga -state' command is executed.
02:28:43 INFO  : Connected to target on host '127.0.0.1' and port '3121'.
02:28:43 INFO  : Jtag cable 'Xilinx TUL 1234-tulA' is selected.
02:28:43 INFO  : 'jtag frequency' command is executed.
02:28:43 INFO  : Sourcing of 'D:/Documents/Vivado_data/hw_1/hw_1.sdk/block_design_wrapper_hw_platform_0/ps7_init.tcl' is done.
02:28:43 INFO  : Context for 'APU' is selected.
02:28:43 INFO  : Hardware design information is loaded from 'D:/Documents/Vivado_data/hw_1/hw_1.sdk/block_design_wrapper_hw_platform_0/system.hdf'.
02:28:43 INFO  : 'configparams force-mem-access 1' command is executed.
02:28:43 INFO  : Context for 'APU' is selected.
02:28:43 INFO  : 'stop' command is executed.
02:28:43 INFO  : 'ps7_init' command is executed.
02:28:43 INFO  : 'ps7_post_config' command is executed.
02:28:43 INFO  : Context for processor 'ps7_cortexa9_0' is selected.
02:28:43 INFO  : Processor reset is completed for 'ps7_cortexa9_0'.
02:28:43 INFO  : Context for processor 'ps7_cortexa9_0' is selected.
02:28:44 INFO  : The application 'D:/Documents/Vivado_data/hw_1/hw_1.sdk/hw1_sdk/Debug/hw1_sdk.elf' is downloaded to processor 'ps7_cortexa9_0'.
02:28:44 INFO  : 'configparams force-mem-access 0' command is executed.
02:28:44 INFO  : ----------------XSDB Script----------------
connect -url tcp:127.0.0.1:3121
source D:/Documents/Vivado_data/hw_1/hw_1.sdk/block_design_wrapper_hw_platform_0/ps7_init.tcl
targets -set -nocase -filter {name =~"APU*" && jtag_cable_name =~ "Xilinx TUL 1234-tulA"} -index 0
loadhw -hw D:/Documents/Vivado_data/hw_1/hw_1.sdk/block_design_wrapper_hw_platform_0/system.hdf -mem-ranges [list {0x40000000 0xbfffffff}]
configparams force-mem-access 1
targets -set -nocase -filter {name =~"APU*" && jtag_cable_name =~ "Xilinx TUL 1234-tulA"} -index 0
stop
ps7_init
ps7_post_config
targets -set -nocase -filter {name =~ "ARM*#0" && jtag_cable_name =~ "Xilinx TUL 1234-tulA"} -index 0
rst -processor
targets -set -nocase -filter {name =~ "ARM*#0" && jtag_cable_name =~ "Xilinx TUL 1234-tulA"} -index 0
dow D:/Documents/Vivado_data/hw_1/hw_1.sdk/hw1_sdk/Debug/hw1_sdk.elf
configparams force-mem-access 0
----------------End of Script----------------

02:28:44 INFO  : Memory regions updated for context APU
02:28:44 INFO  : Context for processor 'ps7_cortexa9_0' is selected.
02:28:44 INFO  : 'con' command is executed.
02:28:44 INFO  : ----------------XSDB Script (After Launch)----------------
targets -set -nocase -filter {name =~ "ARM*#0" && jtag_cable_name =~ "Xilinx TUL 1234-tulA"} -index 0
con
----------------End of Script----------------

02:28:44 INFO  : Launch script is exported to file 'D:\Documents\Vivado_data\hw_1\hw_1.sdk\.sdk\launch_scripts\xilinx_c-c++_application_(system_debugger)\system_debugger_using_debug_hw1_sdk.elf_on_local.tcl'
02:31:55 INFO  : Disconnected from the channel tcfchan#1.
02:38:46 INFO  : Registering command handlers for SDK TCF services
02:38:46 INFO  : Launching XSCT server: xsct.bat -interactive D:\Documents\Vivado_data\hw_1\hw_1.sdk\temp_xsdb_launch_script.tcl
02:38:47 INFO  : XSCT server has started successfully.
02:38:47 INFO  : Successfully done setting XSCT server connection channel  
02:38:47 INFO  : Successfully done setting SDK workspace  
02:38:47 INFO  : Processing command line option -hwspec D:/Documents/Vivado_data/hw_1/hw_1.sdk/block_design_wrapper.hdf.
02:38:48 INFO  : Checking for hwspec changes in the project block_design_wrapper_hw_platform_0.
02:39:00 INFO  : 'targets -set -filter {jtag_cable_name =~ "Xilinx TUL 1234-tulA" && level==0} -index 1' command is executed.
02:39:00 INFO  : 'fpga -state' command is executed.
02:39:00 INFO  : Connected to target on host '127.0.0.1' and port '3121'.
02:39:00 INFO  : Jtag cable 'Xilinx TUL 1234-tulA' is selected.
02:39:00 INFO  : 'jtag frequency' command is executed.
02:39:00 INFO  : Sourcing of 'D:/Documents/Vivado_data/hw_1/hw_1.sdk/block_design_wrapper_hw_platform_0/ps7_init.tcl' is done.
02:39:00 INFO  : Context for 'APU' is selected.
02:39:00 INFO  : Hardware design information is loaded from 'D:/Documents/Vivado_data/hw_1/hw_1.sdk/block_design_wrapper_hw_platform_0/system.hdf'.
02:39:00 INFO  : 'configparams force-mem-access 1' command is executed.
02:39:00 INFO  : Context for 'APU' is selected.
02:39:00 INFO  : 'stop' command is executed.
02:39:00 INFO  : 'ps7_init' command is executed.
02:39:00 INFO  : 'ps7_post_config' command is executed.
02:39:00 INFO  : Context for processor 'ps7_cortexa9_0' is selected.
02:39:00 INFO  : Processor reset is completed for 'ps7_cortexa9_0'.
02:39:00 INFO  : Context for processor 'ps7_cortexa9_0' is selected.
02:39:01 INFO  : The application 'D:/Documents/Vivado_data/hw_1/hw_1.sdk/hw1_sdk/Debug/hw1_sdk.elf' is downloaded to processor 'ps7_cortexa9_0'.
02:39:01 INFO  : 'configparams force-mem-access 0' command is executed.
02:39:01 INFO  : ----------------XSDB Script----------------
connect -url tcp:127.0.0.1:3121
source D:/Documents/Vivado_data/hw_1/hw_1.sdk/block_design_wrapper_hw_platform_0/ps7_init.tcl
targets -set -nocase -filter {name =~"APU*" && jtag_cable_name =~ "Xilinx TUL 1234-tulA"} -index 0
loadhw -hw D:/Documents/Vivado_data/hw_1/hw_1.sdk/block_design_wrapper_hw_platform_0/system.hdf -mem-ranges [list {0x40000000 0xbfffffff}]
configparams force-mem-access 1
targets -set -nocase -filter {name =~"APU*" && jtag_cable_name =~ "Xilinx TUL 1234-tulA"} -index 0
stop
ps7_init
ps7_post_config
targets -set -nocase -filter {name =~ "ARM*#0" && jtag_cable_name =~ "Xilinx TUL 1234-tulA"} -index 0
rst -processor
targets -set -nocase -filter {name =~ "ARM*#0" && jtag_cable_name =~ "Xilinx TUL 1234-tulA"} -index 0
dow D:/Documents/Vivado_data/hw_1/hw_1.sdk/hw1_sdk/Debug/hw1_sdk.elf
configparams force-mem-access 0
----------------End of Script----------------

02:39:01 INFO  : Memory regions updated for context APU
02:39:01 INFO  : Context for processor 'ps7_cortexa9_0' is selected.
02:39:01 INFO  : 'con' command is executed.
02:39:01 INFO  : ----------------XSDB Script (After Launch)----------------
targets -set -nocase -filter {name =~ "ARM*#0" && jtag_cable_name =~ "Xilinx TUL 1234-tulA"} -index 0
con
----------------End of Script----------------

02:39:01 INFO  : Launch script is exported to file 'D:\Documents\Vivado_data\hw_1\hw_1.sdk\.sdk\launch_scripts\xilinx_c-c++_application_(system_debugger)\system_debugger_using_debug_hw1_sdk.elf_on_local.tcl'
02:39:46 INFO  : Disconnected from the channel tcfchan#1.
02:42:01 INFO  : Registering command handlers for SDK TCF services
02:42:01 INFO  : Launching XSCT server: xsct.bat -interactive D:\Documents\Vivado_data\hw_1\hw_1.sdk\temp_xsdb_launch_script.tcl
02:42:02 INFO  : XSCT server has started successfully.
02:42:02 INFO  : Successfully done setting XSCT server connection channel  
02:42:02 INFO  : Successfully done setting SDK workspace  
02:42:02 INFO  : Processing command line option -hwspec D:/Documents/Vivado_data/hw_1/hw_1.sdk/block_design_wrapper.hdf.
02:42:02 INFO  : Checking for hwspec changes in the project block_design_wrapper_hw_platform_0.
02:42:08 INFO  : 'targets -set -filter {jtag_cable_name =~ "Xilinx TUL 1234-tulA" && level==0} -index 1' command is executed.
02:42:08 INFO  : 'fpga -state' command is executed.
02:42:08 INFO  : Connected to target on host '127.0.0.1' and port '3121'.
02:42:08 INFO  : Jtag cable 'Xilinx TUL 1234-tulA' is selected.
02:42:08 INFO  : 'jtag frequency' command is executed.
02:42:08 INFO  : Sourcing of 'D:/Documents/Vivado_data/hw_1/hw_1.sdk/block_design_wrapper_hw_platform_0/ps7_init.tcl' is done.
02:42:08 INFO  : Context for 'APU' is selected.
02:42:08 INFO  : Hardware design information is loaded from 'D:/Documents/Vivado_data/hw_1/hw_1.sdk/block_design_wrapper_hw_platform_0/system.hdf'.
02:42:08 INFO  : 'configparams force-mem-access 1' command is executed.
02:42:08 INFO  : Context for 'APU' is selected.
02:42:08 INFO  : 'stop' command is executed.
02:42:08 INFO  : 'ps7_init' command is executed.
02:42:08 INFO  : 'ps7_post_config' command is executed.
02:42:08 INFO  : Context for processor 'ps7_cortexa9_0' is selected.
02:42:08 INFO  : Processor reset is completed for 'ps7_cortexa9_0'.
02:42:08 INFO  : Context for processor 'ps7_cortexa9_0' is selected.
02:42:08 INFO  : The application 'D:/Documents/Vivado_data/hw_1/hw_1.sdk/hw1_sdk/Debug/hw1_sdk.elf' is downloaded to processor 'ps7_cortexa9_0'.
02:42:08 INFO  : 'configparams force-mem-access 0' command is executed.
02:42:08 INFO  : ----------------XSDB Script----------------
connect -url tcp:127.0.0.1:3121
source D:/Documents/Vivado_data/hw_1/hw_1.sdk/block_design_wrapper_hw_platform_0/ps7_init.tcl
targets -set -nocase -filter {name =~"APU*" && jtag_cable_name =~ "Xilinx TUL 1234-tulA"} -index 0
loadhw -hw D:/Documents/Vivado_data/hw_1/hw_1.sdk/block_design_wrapper_hw_platform_0/system.hdf -mem-ranges [list {0x40000000 0xbfffffff}]
configparams force-mem-access 1
targets -set -nocase -filter {name =~"APU*" && jtag_cable_name =~ "Xilinx TUL 1234-tulA"} -index 0
stop
ps7_init
ps7_post_config
targets -set -nocase -filter {name =~ "ARM*#0" && jtag_cable_name =~ "Xilinx TUL 1234-tulA"} -index 0
rst -processor
targets -set -nocase -filter {name =~ "ARM*#0" && jtag_cable_name =~ "Xilinx TUL 1234-tulA"} -index 0
dow D:/Documents/Vivado_data/hw_1/hw_1.sdk/hw1_sdk/Debug/hw1_sdk.elf
configparams force-mem-access 0
----------------End of Script----------------

02:42:08 INFO  : Memory regions updated for context APU
02:42:08 INFO  : Context for processor 'ps7_cortexa9_0' is selected.
02:42:08 INFO  : 'con' command is executed.
02:42:08 INFO  : ----------------XSDB Script (After Launch)----------------
targets -set -nocase -filter {name =~ "ARM*#0" && jtag_cable_name =~ "Xilinx TUL 1234-tulA"} -index 0
con
----------------End of Script----------------

02:42:08 INFO  : Launch script is exported to file 'D:\Documents\Vivado_data\hw_1\hw_1.sdk\.sdk\launch_scripts\xilinx_c-c++_application_(system_debugger)\system_debugger_using_debug_hw1_sdk.elf_on_local.tcl'
02:45:31 INFO  : Disconnected from the channel tcfchan#1.
02:47:55 INFO  : Registering command handlers for SDK TCF services
02:47:55 INFO  : Launching XSCT server: xsct.bat -interactive D:\Documents\Vivado_data\hw_1\hw_1.sdk\temp_xsdb_launch_script.tcl
02:47:56 INFO  : XSCT server has started successfully.
02:47:56 INFO  : Successfully done setting XSCT server connection channel  
02:47:56 INFO  : Successfully done setting SDK workspace  
02:47:56 INFO  : Processing command line option -hwspec D:/Documents/Vivado_data/hw_1/hw_1.sdk/block_design_wrapper.hdf.
02:47:56 INFO  : Checking for hwspec changes in the project block_design_wrapper_hw_platform_0.
02:48:39 INFO  : 'targets -set -filter {jtag_cable_name =~ "Xilinx TUL 1234-tulA" && level==0} -index 1' command is executed.
02:48:39 INFO  : 'fpga -state' command is executed.
02:48:39 INFO  : Connected to target on host '127.0.0.1' and port '3121'.
02:48:39 INFO  : Jtag cable 'Xilinx TUL 1234-tulA' is selected.
02:48:39 INFO  : 'jtag frequency' command is executed.
02:48:39 INFO  : Sourcing of 'D:/Documents/Vivado_data/hw_1/hw_1.sdk/block_design_wrapper_hw_platform_0/ps7_init.tcl' is done.
02:48:39 INFO  : Context for 'APU' is selected.
02:48:39 INFO  : Hardware design information is loaded from 'D:/Documents/Vivado_data/hw_1/hw_1.sdk/block_design_wrapper_hw_platform_0/system.hdf'.
02:48:39 INFO  : 'configparams force-mem-access 1' command is executed.
02:48:39 INFO  : Context for 'APU' is selected.
02:48:39 INFO  : 'stop' command is executed.
02:48:39 INFO  : 'ps7_init' command is executed.
02:48:39 INFO  : 'ps7_post_config' command is executed.
02:48:39 INFO  : Context for processor 'ps7_cortexa9_0' is selected.
02:48:39 INFO  : Processor reset is completed for 'ps7_cortexa9_0'.
02:48:39 INFO  : Context for processor 'ps7_cortexa9_0' is selected.
02:48:39 INFO  : The application 'D:/Documents/Vivado_data/hw_1/hw_1.sdk/hw1_sdk/Debug/hw1_sdk.elf' is downloaded to processor 'ps7_cortexa9_0'.
02:48:39 INFO  : 'configparams force-mem-access 0' command is executed.
02:48:39 INFO  : ----------------XSDB Script----------------
connect -url tcp:127.0.0.1:3121
source D:/Documents/Vivado_data/hw_1/hw_1.sdk/block_design_wrapper_hw_platform_0/ps7_init.tcl
targets -set -nocase -filter {name =~"APU*" && jtag_cable_name =~ "Xilinx TUL 1234-tulA"} -index 0
loadhw -hw D:/Documents/Vivado_data/hw_1/hw_1.sdk/block_design_wrapper_hw_platform_0/system.hdf -mem-ranges [list {0x40000000 0xbfffffff}]
configparams force-mem-access 1
targets -set -nocase -filter {name =~"APU*" && jtag_cable_name =~ "Xilinx TUL 1234-tulA"} -index 0
stop
ps7_init
ps7_post_config
targets -set -nocase -filter {name =~ "ARM*#0" && jtag_cable_name =~ "Xilinx TUL 1234-tulA"} -index 0
rst -processor
targets -set -nocase -filter {name =~ "ARM*#0" && jtag_cable_name =~ "Xilinx TUL 1234-tulA"} -index 0
dow D:/Documents/Vivado_data/hw_1/hw_1.sdk/hw1_sdk/Debug/hw1_sdk.elf
configparams force-mem-access 0
----------------End of Script----------------

02:48:39 INFO  : Memory regions updated for context APU
02:48:39 INFO  : Context for processor 'ps7_cortexa9_0' is selected.
02:48:39 INFO  : 'con' command is executed.
02:48:39 INFO  : ----------------XSDB Script (After Launch)----------------
targets -set -nocase -filter {name =~ "ARM*#0" && jtag_cable_name =~ "Xilinx TUL 1234-tulA"} -index 0
con
----------------End of Script----------------

02:48:39 INFO  : Launch script is exported to file 'D:\Documents\Vivado_data\hw_1\hw_1.sdk\.sdk\launch_scripts\xilinx_c-c++_application_(system_debugger)\system_debugger_using_debug_hw1_sdk.elf_on_local.tcl'
02:48:50 INFO  : Disconnected from the channel tcfchan#1.
02:48:51 INFO  : 'targets -set -filter {jtag_cable_name =~ "Xilinx TUL 1234-tulA" && level==0} -index 1' command is executed.
02:48:51 INFO  : 'fpga -state' command is executed.
02:48:51 INFO  : Connected to target on host '127.0.0.1' and port '3121'.
02:48:52 INFO  : Jtag cable 'Xilinx TUL 1234-tulA' is selected.
02:48:52 INFO  : 'jtag frequency' command is executed.
02:48:52 INFO  : Sourcing of 'D:/Documents/Vivado_data/hw_1/hw_1.sdk/block_design_wrapper_hw_platform_0/ps7_init.tcl' is done.
02:48:52 INFO  : Context for 'APU' is selected.
02:48:52 INFO  : Hardware design information is loaded from 'D:/Documents/Vivado_data/hw_1/hw_1.sdk/block_design_wrapper_hw_platform_0/system.hdf'.
02:48:52 INFO  : 'configparams force-mem-access 1' command is executed.
02:48:52 INFO  : Context for 'APU' is selected.
02:48:52 INFO  : 'stop' command is executed.
02:48:53 INFO  : 'ps7_init' command is executed.
02:48:53 INFO  : 'ps7_post_config' command is executed.
02:48:53 INFO  : Context for processor 'ps7_cortexa9_0' is selected.
02:48:53 INFO  : Processor reset is completed for 'ps7_cortexa9_0'.
02:48:53 INFO  : Context for processor 'ps7_cortexa9_0' is selected.
02:48:53 INFO  : The application 'D:/Documents/Vivado_data/hw_1/hw_1.sdk/hw1_sdk/Debug/hw1_sdk.elf' is downloaded to processor 'ps7_cortexa9_0'.
02:48:53 INFO  : 'configparams force-mem-access 0' command is executed.
02:48:53 INFO  : ----------------XSDB Script----------------
connect -url tcp:127.0.0.1:3121
source D:/Documents/Vivado_data/hw_1/hw_1.sdk/block_design_wrapper_hw_platform_0/ps7_init.tcl
targets -set -nocase -filter {name =~"APU*" && jtag_cable_name =~ "Xilinx TUL 1234-tulA"} -index 0
loadhw -hw D:/Documents/Vivado_data/hw_1/hw_1.sdk/block_design_wrapper_hw_platform_0/system.hdf -mem-ranges [list {0x40000000 0xbfffffff}]
configparams force-mem-access 1
targets -set -nocase -filter {name =~"APU*" && jtag_cable_name =~ "Xilinx TUL 1234-tulA"} -index 0
stop
ps7_init
ps7_post_config
targets -set -nocase -filter {name =~ "ARM*#0" && jtag_cable_name =~ "Xilinx TUL 1234-tulA"} -index 0
rst -processor
targets -set -nocase -filter {name =~ "ARM*#0" && jtag_cable_name =~ "Xilinx TUL 1234-tulA"} -index 0
dow D:/Documents/Vivado_data/hw_1/hw_1.sdk/hw1_sdk/Debug/hw1_sdk.elf
configparams force-mem-access 0
----------------End of Script----------------

02:48:53 INFO  : Memory regions updated for context APU
02:48:53 INFO  : Context for processor 'ps7_cortexa9_0' is selected.
02:48:53 INFO  : 'con' command is executed.
02:48:53 INFO  : ----------------XSDB Script (After Launch)----------------
targets -set -nocase -filter {name =~ "ARM*#0" && jtag_cable_name =~ "Xilinx TUL 1234-tulA"} -index 0
con
----------------End of Script----------------

02:48:53 INFO  : Launch script is exported to file 'D:\Documents\Vivado_data\hw_1\hw_1.sdk\.sdk\launch_scripts\xilinx_c-c++_application_(system_debugger)\system_debugger_using_debug_hw1_sdk.elf_on_local.tcl'
02:57:04 INFO  : Disconnected from the channel tcfchan#2.
02:57:05 INFO  : 'targets -set -filter {jtag_cable_name =~ "Xilinx TUL 1234-tulA" && level==0} -index 1' command is executed.
02:57:05 INFO  : 'fpga -state' command is executed.
02:57:05 INFO  : Connected to target on host '127.0.0.1' and port '3121'.
02:57:05 INFO  : Jtag cable 'Xilinx TUL 1234-tulA' is selected.
02:57:05 INFO  : 'jtag frequency' command is executed.
02:57:05 INFO  : Sourcing of 'D:/Documents/Vivado_data/hw_1/hw_1.sdk/block_design_wrapper_hw_platform_0/ps7_init.tcl' is done.
02:57:05 INFO  : Context for 'APU' is selected.
02:57:06 INFO  : Hardware design information is loaded from 'D:/Documents/Vivado_data/hw_1/hw_1.sdk/block_design_wrapper_hw_platform_0/system.hdf'.
02:57:06 INFO  : 'configparams force-mem-access 1' command is executed.
02:57:06 INFO  : Context for 'APU' is selected.
02:57:07 INFO  : 'stop' command is executed.
02:57:07 INFO  : 'ps7_init' command is executed.
02:57:07 INFO  : 'ps7_post_config' command is executed.
02:57:07 INFO  : Context for processor 'ps7_cortexa9_0' is selected.
02:57:07 INFO  : Processor reset is completed for 'ps7_cortexa9_0'.
02:57:07 INFO  : Context for processor 'ps7_cortexa9_0' is selected.
02:57:07 INFO  : The application 'D:/Documents/Vivado_data/hw_1/hw_1.sdk/hw1_sdk/Debug/hw1_sdk.elf' is downloaded to processor 'ps7_cortexa9_0'.
02:57:07 INFO  : 'configparams force-mem-access 0' command is executed.
02:57:07 INFO  : ----------------XSDB Script----------------
connect -url tcp:127.0.0.1:3121
source D:/Documents/Vivado_data/hw_1/hw_1.sdk/block_design_wrapper_hw_platform_0/ps7_init.tcl
targets -set -nocase -filter {name =~"APU*" && jtag_cable_name =~ "Xilinx TUL 1234-tulA"} -index 0
loadhw -hw D:/Documents/Vivado_data/hw_1/hw_1.sdk/block_design_wrapper_hw_platform_0/system.hdf -mem-ranges [list {0x40000000 0xbfffffff}]
configparams force-mem-access 1
targets -set -nocase -filter {name =~"APU*" && jtag_cable_name =~ "Xilinx TUL 1234-tulA"} -index 0
stop
ps7_init
ps7_post_config
targets -set -nocase -filter {name =~ "ARM*#0" && jtag_cable_name =~ "Xilinx TUL 1234-tulA"} -index 0
rst -processor
targets -set -nocase -filter {name =~ "ARM*#0" && jtag_cable_name =~ "Xilinx TUL 1234-tulA"} -index 0
dow D:/Documents/Vivado_data/hw_1/hw_1.sdk/hw1_sdk/Debug/hw1_sdk.elf
configparams force-mem-access 0
----------------End of Script----------------

02:57:07 INFO  : Memory regions updated for context APU
02:57:07 INFO  : Context for processor 'ps7_cortexa9_0' is selected.
02:57:07 INFO  : 'con' command is executed.
02:57:07 INFO  : ----------------XSDB Script (After Launch)----------------
targets -set -nocase -filter {name =~ "ARM*#0" && jtag_cable_name =~ "Xilinx TUL 1234-tulA"} -index 0
con
----------------End of Script----------------

02:57:07 INFO  : Launch script is exported to file 'D:\Documents\Vivado_data\hw_1\hw_1.sdk\.sdk\launch_scripts\xilinx_c-c++_application_(system_debugger)\system_debugger_using_debug_hw1_sdk.elf_on_local.tcl'
02:57:18 INFO  : Disconnected from the channel tcfchan#3.
02:57:19 INFO  : 'targets -set -filter {jtag_cable_name =~ "Xilinx TUL 1234-tulA" && level==0} -index 1' command is executed.
02:57:19 INFO  : 'fpga -state' command is executed.
02:57:19 INFO  : Connected to target on host '127.0.0.1' and port '3121'.
02:57:19 INFO  : Jtag cable 'Xilinx TUL 1234-tulA' is selected.
02:57:19 INFO  : 'jtag frequency' command is executed.
02:57:19 INFO  : Sourcing of 'D:/Documents/Vivado_data/hw_1/hw_1.sdk/block_design_wrapper_hw_platform_0/ps7_init.tcl' is done.
02:57:19 INFO  : Context for 'APU' is selected.
02:57:20 INFO  : Hardware design information is loaded from 'D:/Documents/Vivado_data/hw_1/hw_1.sdk/block_design_wrapper_hw_platform_0/system.hdf'.
02:57:20 INFO  : 'configparams force-mem-access 1' command is executed.
02:57:20 INFO  : Context for 'APU' is selected.
02:57:20 INFO  : 'stop' command is executed.
02:57:20 INFO  : 'ps7_init' command is executed.
02:57:20 INFO  : 'ps7_post_config' command is executed.
02:57:20 INFO  : Context for processor 'ps7_cortexa9_0' is selected.
02:57:20 INFO  : Processor reset is completed for 'ps7_cortexa9_0'.
02:57:20 INFO  : Context for processor 'ps7_cortexa9_0' is selected.
02:57:20 INFO  : The application 'D:/Documents/Vivado_data/hw_1/hw_1.sdk/hw1_sdk/Debug/hw1_sdk.elf' is downloaded to processor 'ps7_cortexa9_0'.
02:57:20 INFO  : 'configparams force-mem-access 0' command is executed.
02:57:20 INFO  : ----------------XSDB Script----------------
connect -url tcp:127.0.0.1:3121
source D:/Documents/Vivado_data/hw_1/hw_1.sdk/block_design_wrapper_hw_platform_0/ps7_init.tcl
targets -set -nocase -filter {name =~"APU*" && jtag_cable_name =~ "Xilinx TUL 1234-tulA"} -index 0
loadhw -hw D:/Documents/Vivado_data/hw_1/hw_1.sdk/block_design_wrapper_hw_platform_0/system.hdf -mem-ranges [list {0x40000000 0xbfffffff}]
configparams force-mem-access 1
targets -set -nocase -filter {name =~"APU*" && jtag_cable_name =~ "Xilinx TUL 1234-tulA"} -index 0
stop
ps7_init
ps7_post_config
targets -set -nocase -filter {name =~ "ARM*#0" && jtag_cable_name =~ "Xilinx TUL 1234-tulA"} -index 0
rst -processor
targets -set -nocase -filter {name =~ "ARM*#0" && jtag_cable_name =~ "Xilinx TUL 1234-tulA"} -index 0
dow D:/Documents/Vivado_data/hw_1/hw_1.sdk/hw1_sdk/Debug/hw1_sdk.elf
configparams force-mem-access 0
----------------End of Script----------------

02:57:20 INFO  : Memory regions updated for context APU
02:57:20 INFO  : Context for processor 'ps7_cortexa9_0' is selected.
02:57:20 INFO  : 'con' command is executed.
02:57:20 INFO  : ----------------XSDB Script (After Launch)----------------
targets -set -nocase -filter {name =~ "ARM*#0" && jtag_cable_name =~ "Xilinx TUL 1234-tulA"} -index 0
con
----------------End of Script----------------

02:57:20 INFO  : Launch script is exported to file 'D:\Documents\Vivado_data\hw_1\hw_1.sdk\.sdk\launch_scripts\xilinx_c-c++_application_(system_debugger)\system_debugger_using_debug_hw1_sdk.elf_on_local.tcl'
02:57:33 INFO  : Disconnected from the channel tcfchan#4.
02:57:34 INFO  : 'targets -set -filter {jtag_cable_name =~ "Xilinx TUL 1234-tulA" && level==0} -index 1' command is executed.
02:57:34 INFO  : 'fpga -state' command is executed.
02:57:34 INFO  : Connected to target on host '127.0.0.1' and port '3121'.
02:57:34 INFO  : Jtag cable 'Xilinx TUL 1234-tulA' is selected.
02:57:34 INFO  : 'jtag frequency' command is executed.
02:57:34 INFO  : Sourcing of 'D:/Documents/Vivado_data/hw_1/hw_1.sdk/block_design_wrapper_hw_platform_0/ps7_init.tcl' is done.
02:57:34 INFO  : Context for 'APU' is selected.
02:57:35 INFO  : Hardware design information is loaded from 'D:/Documents/Vivado_data/hw_1/hw_1.sdk/block_design_wrapper_hw_platform_0/system.hdf'.
02:57:35 INFO  : 'configparams force-mem-access 1' command is executed.
02:57:35 INFO  : Context for 'APU' is selected.
02:57:35 INFO  : 'stop' command is executed.
02:57:35 INFO  : 'ps7_init' command is executed.
02:57:35 INFO  : 'ps7_post_config' command is executed.
02:57:35 INFO  : Context for processor 'ps7_cortexa9_0' is selected.
02:57:35 INFO  : Processor reset is completed for 'ps7_cortexa9_0'.
02:57:35 INFO  : Context for processor 'ps7_cortexa9_0' is selected.
02:57:36 INFO  : The application 'D:/Documents/Vivado_data/hw_1/hw_1.sdk/hw1_sdk/Debug/hw1_sdk.elf' is downloaded to processor 'ps7_cortexa9_0'.
02:57:36 INFO  : 'configparams force-mem-access 0' command is executed.
02:57:36 INFO  : ----------------XSDB Script----------------
connect -url tcp:127.0.0.1:3121
source D:/Documents/Vivado_data/hw_1/hw_1.sdk/block_design_wrapper_hw_platform_0/ps7_init.tcl
targets -set -nocase -filter {name =~"APU*" && jtag_cable_name =~ "Xilinx TUL 1234-tulA"} -index 0
loadhw -hw D:/Documents/Vivado_data/hw_1/hw_1.sdk/block_design_wrapper_hw_platform_0/system.hdf -mem-ranges [list {0x40000000 0xbfffffff}]
configparams force-mem-access 1
targets -set -nocase -filter {name =~"APU*" && jtag_cable_name =~ "Xilinx TUL 1234-tulA"} -index 0
stop
ps7_init
ps7_post_config
targets -set -nocase -filter {name =~ "ARM*#0" && jtag_cable_name =~ "Xilinx TUL 1234-tulA"} -index 0
rst -processor
targets -set -nocase -filter {name =~ "ARM*#0" && jtag_cable_name =~ "Xilinx TUL 1234-tulA"} -index 0
dow D:/Documents/Vivado_data/hw_1/hw_1.sdk/hw1_sdk/Debug/hw1_sdk.elf
configparams force-mem-access 0
----------------End of Script----------------

02:57:36 INFO  : Memory regions updated for context APU
02:57:36 INFO  : Context for processor 'ps7_cortexa9_0' is selected.
02:57:36 INFO  : 'con' command is executed.
02:57:36 INFO  : ----------------XSDB Script (After Launch)----------------
targets -set -nocase -filter {name =~ "ARM*#0" && jtag_cable_name =~ "Xilinx TUL 1234-tulA"} -index 0
con
----------------End of Script----------------

02:57:36 INFO  : Launch script is exported to file 'D:\Documents\Vivado_data\hw_1\hw_1.sdk\.sdk\launch_scripts\xilinx_c-c++_application_(system_debugger)\system_debugger_using_debug_hw1_sdk.elf_on_local.tcl'
02:57:50 INFO  : Disconnected from the channel tcfchan#5.
03:11:47 INFO  : Registering command handlers for SDK TCF services
03:11:48 INFO  : Launching XSCT server: xsct.bat -interactive D:\Documents\Vivado_data\hw_1\hw_1.sdk\temp_xsdb_launch_script.tcl
03:11:50 INFO  : XSCT server has started successfully.
03:11:50 INFO  : Successfully done setting XSCT server connection channel  
03:11:50 INFO  : Successfully done setting SDK workspace  
03:11:50 INFO  : Processing command line option -hwspec D:/Documents/Vivado_data/hw_1/hw_1.sdk/block_design_wrapper.hdf.
03:11:50 INFO  : Checking for hwspec changes in the project block_design_wrapper_hw_platform_0.
03:12:01 INFO  : 'targets -set -filter {jtag_cable_name =~ "Xilinx TUL 1234-tulA" && level==0} -index 1' command is executed.
03:12:01 INFO  : 'fpga -state' command is executed.
03:12:01 INFO  : Connected to target on host '127.0.0.1' and port '3121'.
03:12:01 INFO  : Jtag cable 'Xilinx TUL 1234-tulA' is selected.
03:12:01 INFO  : 'jtag frequency' command is executed.
03:12:01 INFO  : Sourcing of 'D:/Documents/Vivado_data/hw_1/hw_1.sdk/block_design_wrapper_hw_platform_0/ps7_init.tcl' is done.
03:12:01 INFO  : Context for 'APU' is selected.
03:12:01 INFO  : Hardware design information is loaded from 'D:/Documents/Vivado_data/hw_1/hw_1.sdk/block_design_wrapper_hw_platform_0/system.hdf'.
03:12:01 INFO  : 'configparams force-mem-access 1' command is executed.
03:12:01 INFO  : Context for 'APU' is selected.
03:12:01 INFO  : 'stop' command is executed.
03:12:01 INFO  : 'ps7_init' command is executed.
03:12:01 INFO  : 'ps7_post_config' command is executed.
03:12:01 INFO  : Context for processor 'ps7_cortexa9_0' is selected.
03:12:02 INFO  : Processor reset is completed for 'ps7_cortexa9_0'.
03:12:02 INFO  : Context for processor 'ps7_cortexa9_0' is selected.
03:12:02 INFO  : The application 'D:/Documents/Vivado_data/hw_1/hw_1.sdk/hw1_sdk/Debug/hw1_sdk.elf' is downloaded to processor 'ps7_cortexa9_0'.
03:12:02 INFO  : 'configparams force-mem-access 0' command is executed.
03:12:02 INFO  : ----------------XSDB Script----------------
connect -url tcp:127.0.0.1:3121
source D:/Documents/Vivado_data/hw_1/hw_1.sdk/block_design_wrapper_hw_platform_0/ps7_init.tcl
targets -set -nocase -filter {name =~"APU*" && jtag_cable_name =~ "Xilinx TUL 1234-tulA"} -index 0
loadhw -hw D:/Documents/Vivado_data/hw_1/hw_1.sdk/block_design_wrapper_hw_platform_0/system.hdf -mem-ranges [list {0x40000000 0xbfffffff}]
configparams force-mem-access 1
targets -set -nocase -filter {name =~"APU*" && jtag_cable_name =~ "Xilinx TUL 1234-tulA"} -index 0
stop
ps7_init
ps7_post_config
targets -set -nocase -filter {name =~ "ARM*#0" && jtag_cable_name =~ "Xilinx TUL 1234-tulA"} -index 0
rst -processor
targets -set -nocase -filter {name =~ "ARM*#0" && jtag_cable_name =~ "Xilinx TUL 1234-tulA"} -index 0
dow D:/Documents/Vivado_data/hw_1/hw_1.sdk/hw1_sdk/Debug/hw1_sdk.elf
configparams force-mem-access 0
----------------End of Script----------------

03:12:02 INFO  : Memory regions updated for context APU
03:12:02 INFO  : Context for processor 'ps7_cortexa9_0' is selected.
03:12:02 INFO  : 'con' command is executed.
03:12:02 INFO  : ----------------XSDB Script (After Launch)----------------
targets -set -nocase -filter {name =~ "ARM*#0" && jtag_cable_name =~ "Xilinx TUL 1234-tulA"} -index 0
con
----------------End of Script----------------

03:12:02 INFO  : Launch script is exported to file 'D:\Documents\Vivado_data\hw_1\hw_1.sdk\.sdk\launch_scripts\xilinx_c-c++_application_(system_debugger)\system_debugger_using_debug_hw1_sdk.elf_on_local.tcl'
03:13:33 INFO  : Disconnected from the channel tcfchan#1.
03:15:29 INFO  : Registering command handlers for SDK TCF services
03:15:29 INFO  : Launching XSCT server: xsct.bat -interactive D:\Documents\Vivado_data\hw_1\hw_1.sdk\temp_xsdb_launch_script.tcl
03:15:31 INFO  : XSCT server has started successfully.
03:15:31 INFO  : Successfully done setting XSCT server connection channel  
03:15:31 INFO  : Processing command line option -hwspec D:/Documents/Vivado_data/hw_1/hw_1.sdk/block_design_wrapper.hdf.
03:15:31 INFO  : Successfully done setting SDK workspace  
03:15:31 INFO  : Checking for hwspec changes in the project block_design_wrapper_hw_platform_0.
03:21:58 INFO  : Registering command handlers for SDK TCF services
03:21:58 INFO  : Launching XSCT server: xsct.bat -interactive D:\Documents\Vivado_data\hw_1\hw_1.sdk\temp_xsdb_launch_script.tcl
03:22:00 INFO  : XSCT server has started successfully.
03:22:03 INFO  : Successfully done setting XSCT server connection channel  
03:22:03 INFO  : Successfully done setting SDK workspace  
03:22:03 INFO  : Processing command line option -hwspec D:/Documents/Vivado_data/hw_1/hw_1.sdk/block_design_wrapper.hdf.
03:22:03 INFO  : Checking for hwspec changes in the project block_design_wrapper_hw_platform_0.
03:22:45 INFO  : 'targets -set -filter {jtag_cable_name =~ "Xilinx TUL 1234-tulA" && level==0} -index 1' command is executed.
03:22:45 INFO  : 'fpga -state' command is executed.
03:22:45 INFO  : Connected to target on host '127.0.0.1' and port '3121'.
03:22:45 INFO  : Jtag cable 'Xilinx TUL 1234-tulA' is selected.
03:22:45 INFO  : 'jtag frequency' command is executed.
03:22:45 INFO  : Sourcing of 'D:/Documents/Vivado_data/hw_1/hw_1.sdk/block_design_wrapper_hw_platform_0/ps7_init.tcl' is done.
03:22:45 INFO  : Context for 'APU' is selected.
03:22:45 INFO  : Hardware design information is loaded from 'D:/Documents/Vivado_data/hw_1/hw_1.sdk/block_design_wrapper_hw_platform_0/system.hdf'.
03:22:45 INFO  : 'configparams force-mem-access 1' command is executed.
03:22:45 INFO  : Context for 'APU' is selected.
03:22:45 INFO  : 'stop' command is executed.
03:22:45 INFO  : 'ps7_init' command is executed.
03:22:45 INFO  : 'ps7_post_config' command is executed.
03:22:45 INFO  : Context for processor 'ps7_cortexa9_0' is selected.
03:22:45 INFO  : Processor reset is completed for 'ps7_cortexa9_0'.
03:22:45 INFO  : Context for processor 'ps7_cortexa9_0' is selected.
03:22:45 INFO  : The application 'D:/Documents/Vivado_data/hw_1/hw_1.sdk/hw1_sdk/Debug/hw1_sdk.elf' is downloaded to processor 'ps7_cortexa9_0'.
03:22:45 INFO  : 'configparams force-mem-access 0' command is executed.
03:22:45 INFO  : ----------------XSDB Script----------------
connect -url tcp:127.0.0.1:3121
source D:/Documents/Vivado_data/hw_1/hw_1.sdk/block_design_wrapper_hw_platform_0/ps7_init.tcl
targets -set -nocase -filter {name =~"APU*" && jtag_cable_name =~ "Xilinx TUL 1234-tulA"} -index 0
loadhw -hw D:/Documents/Vivado_data/hw_1/hw_1.sdk/block_design_wrapper_hw_platform_0/system.hdf -mem-ranges [list {0x40000000 0xbfffffff}]
configparams force-mem-access 1
targets -set -nocase -filter {name =~"APU*" && jtag_cable_name =~ "Xilinx TUL 1234-tulA"} -index 0
stop
ps7_init
ps7_post_config
targets -set -nocase -filter {name =~ "ARM*#0" && jtag_cable_name =~ "Xilinx TUL 1234-tulA"} -index 0
rst -processor
targets -set -nocase -filter {name =~ "ARM*#0" && jtag_cable_name =~ "Xilinx TUL 1234-tulA"} -index 0
dow D:/Documents/Vivado_data/hw_1/hw_1.sdk/hw1_sdk/Debug/hw1_sdk.elf
configparams force-mem-access 0
----------------End of Script----------------

03:22:46 INFO  : Memory regions updated for context APU
03:22:46 INFO  : Context for processor 'ps7_cortexa9_0' is selected.
03:22:46 INFO  : 'con' command is executed.
03:22:46 INFO  : ----------------XSDB Script (After Launch)----------------
targets -set -nocase -filter {name =~ "ARM*#0" && jtag_cable_name =~ "Xilinx TUL 1234-tulA"} -index 0
con
----------------End of Script----------------

03:22:46 INFO  : Launch script is exported to file 'D:\Documents\Vivado_data\hw_1\hw_1.sdk\.sdk\launch_scripts\xilinx_c-c++_application_(system_debugger)\system_debugger_using_debug_hw1_sdk.elf_on_local.tcl'
03:22:58 INFO  : Disconnected from the channel tcfchan#1.
