00:40:39 **** Incremental Build of configuration Debug for project uart_sdk2 ****
make pre-build main-build 
a9-linaro-pre-build-step
' '
make: Nothing to be done for 'main-build'.
00:40:41 **** Incremental Build of configuration Debug for project uart_sdk2 ****
make pre-build main-build 
a9-linaro-pre-build-step
' '
make: Nothing to be done for 'main-build'.
00:41:01 **** Incremental Build of configuration Debug for project uart_sdk2 ****
make pre-build main-build 
a9-linaro-pre-build-step
' '
make: Nothing to be done for 'main-build'.
00:51:44 **** Incremental Build of configuration Debug for project uart_sdk2 ****
make pre-build main-build 
a9-linaro-pre-build-step
' '
'Building file: ../src/helloworld.c'
'Invoking: ARM v7 gcc compiler'
arm-none-eabi-gcc -Wall -O0 -g3 -c -fmessage-length=0 -MT"src/helloworld.o" -mcpu=cortex-a9 -mfpu=vfpv3 -mfloat-abi=hard -I../../uart_sdk2_bsp/ps7_cortexa9_0/include -MMD -MP -MF"src/helloworld.d" -MT"src/helloworld.o" -o "src/helloworld.o" "../src/helloworld.c"
'Finished building: ../src/helloworld.c'
' '
'Building target: uart_sdk2.elf'
'Invoking: ARM v7 gcc linker'
arm-none-eabi-gcc -mcpu=cortex-a9 -mfpu=vfpv3 -mfloat-abi=hard -Wl,-build-id=none -specs=Xilinx.spec -Wl,-T -Wl,../src/lscript.ld -L../../uart_sdk2_bsp/ps7_cortexa9_0/lib -o "uart_sdk2.elf"  ./src/helloworld.o ./src/platform.o   -Wl,--start-group,-lxil,-lgcc,-lc,--end-group
'Finished building target: uart_sdk2.elf'
' '
'Invoking: ARM v7 Print Size'
arm-none-eabi-size uart_sdk2.elf  |tee "uart_sdk2.elf.size"
   text	   data	    bss	    dec	    hex	filename
  24108	   1184	  22648	  47940	   bb44	uart_sdk2.elf
'Finished building: uart_sdk2.elf.size'
' '
00:52:13 **** Incremental Build of configuration Debug for project uart_sdk2 ****
make pre-build main-build 
a9-linaro-pre-build-step
' '
make: Nothing to be done for 'main-build'.
00:55:10 **** Incremental Build of configuration Debug for project uart_sdk2 ****
make pre-build main-build 
a9-linaro-pre-build-step
' '
'Building file: ../src/helloworld.c'
'Invoking: ARM v7 gcc compiler'
arm-none-eabi-gcc -Wall -O0 -g3 -c -fmessage-length=0 -MT"src/helloworld.o" -mcpu=cortex-a9 -mfpu=vfpv3 -mfloat-abi=hard -I../../uart_sdk2_bsp/ps7_cortexa9_0/include -MMD -MP -MF"src/helloworld.d" -MT"src/helloworld.o" -o "src/helloworld.o" "../src/helloworld.c"
'Finished building: ../src/helloworld.c'
' '
'Building target: uart_sdk2.elf'
'Invoking: ARM v7 gcc linker'
arm-none-eabi-gcc -mcpu=cortex-a9 -mfpu=vfpv3 -mfloat-abi=hard -Wl,-build-id=none -specs=Xilinx.spec -Wl,-T -Wl,../src/lscript.ld -L../../uart_sdk2_bsp/ps7_cortexa9_0/lib -o "uart_sdk2.elf"  ./src/helloworld.o ./src/platform.o   -Wl,--start-group,-lxil,-lgcc,-lc,--end-group
'Finished building target: uart_sdk2.elf'
' '
'Invoking: ARM v7 Print Size'
arm-none-eabi-size uart_sdk2.elf  |tee "uart_sdk2.elf.size"
   text	   data	    bss	    dec	    hex	filename
  24112	   1184	  22648	  47944	   bb48	uart_sdk2.elf
'Finished building: uart_sdk2.elf.size'
' '
00:57:09 **** Incremental Build of configuration Debug for project uart_sdk2 ****
make pre-build main-build 
a9-linaro-pre-build-step
' '
'Building file: ../src/helloworld.c'
'Invoking: ARM v7 gcc compiler'
arm-none-eabi-gcc -Wall -O0 -g3 -c -fmessage-length=0 -MT"src/helloworld.o" -mcpu=cortex-a9 -mfpu=vfpv3 -mfloat-abi=hard -I../../uart_sdk2_bsp/ps7_cortexa9_0/include -MMD -MP -MF"src/helloworld.d" -MT"src/helloworld.o" -o "src/helloworld.o" "../src/helloworld.c"
'Finished building: ../src/helloworld.c'
' '
'Building target: uart_sdk2.elf'
'Invoking: ARM v7 gcc linker'
arm-none-eabi-gcc -mcpu=cortex-a9 -mfpu=vfpv3 -mfloat-abi=hard -Wl,-build-id=none -specs=Xilinx.spec -Wl,-T -Wl,../src/lscript.ld -L../../uart_sdk2_bsp/ps7_cortexa9_0/lib -o "uart_sdk2.elf"  ./src/helloworld.o ./src/platform.o   -Wl,--start-group,-lxil,-lgcc,-lc,--end-group
'Finished building target: uart_sdk2.elf'
' '
'Invoking: ARM v7 Print Size'
arm-none-eabi-size uart_sdk2.elf  |tee "uart_sdk2.elf.size"
   text	   data	    bss	    dec	    hex	filename
  21648	   1176	  22648	  45472	   b1a0	uart_sdk2.elf
'Finished building: uart_sdk2.elf.size'
' '
00:57:18 **** Incremental Build of configuration Debug for project uart_sdk2 ****
make pre-build main-build 
a9-linaro-pre-build-step
' '
make: Nothing to be done for 'main-build'.
01:01:44 **** Incremental Build of configuration Debug for project uart_sdk2 ****
make pre-build main-build 
a9-linaro-pre-build-step
' '
'Building file: ../src/helloworld.c'
'Invoking: ARM v7 gcc compiler'
arm-none-eabi-gcc -Wall -O0 -g3 -c -fmessage-length=0 -MT"src/helloworld.o" -mcpu=cortex-a9 -mfpu=vfpv3 -mfloat-abi=hard -I../../uart_sdk2_bsp/ps7_cortexa9_0/include -MMD -MP -MF"src/helloworld.d" -MT"src/helloworld.o" -o "src/helloworld.o" "../src/helloworld.c"
'Finished building: ../src/helloworld.c'
' '
'Building target: uart_sdk2.elf'
'Invoking: ARM v7 gcc linker'
arm-none-eabi-gcc -mcpu=cortex-a9 -mfpu=vfpv3 -mfloat-abi=hard -Wl,-build-id=none -specs=Xilinx.spec -Wl,-T -Wl,../src/lscript.ld -L../../uart_sdk2_bsp/ps7_cortexa9_0/lib -o "uart_sdk2.elf"  ./src/helloworld.o ./src/platform.o   -Wl,--start-group,-lxil,-lgcc,-lc,--end-group
'Finished building target: uart_sdk2.elf'
' '
'Invoking: ARM v7 Print Size'
arm-none-eabi-size uart_sdk2.elf  |tee "uart_sdk2.elf.size"
   text	   data	    bss	    dec	    hex	filename
  21648	   1176	  22648	  45472	   b1a0	uart_sdk2.elf
'Finished building: uart_sdk2.elf.size'
' '
01:02:04 **** Incremental Build of configuration Debug for project uart_sdk2 ****
make pre-build main-build 
a9-linaro-pre-build-step
' '
'Building file: ../src/helloworld.c'
'Invoking: ARM v7 gcc compiler'
arm-none-eabi-gcc -Wall -O0 -g3 -c -fmessage-length=0 -MT"src/helloworld.o" -mcpu=cortex-a9 -mfpu=vfpv3 -mfloat-abi=hard -I../../uart_sdk2_bsp/ps7_cortexa9_0/include -MMD -MP -MF"src/helloworld.d" -MT"src/helloworld.o" -o "src/helloworld.o" "../src/helloworld.c"
'Finished building: ../src/helloworld.c'
' '
'Building target: uart_sdk2.elf'
'Invoking: ARM v7 gcc linker'
arm-none-eabi-gcc -mcpu=cortex-a9 -mfpu=vfpv3 -mfloat-abi=hard -Wl,-build-id=none -specs=Xilinx.spec -Wl,-T -Wl,../src/lscript.ld -L../../uart_sdk2_bsp/ps7_cortexa9_0/lib -o "uart_sdk2.elf"  ./src/helloworld.o ./src/platform.o   -Wl,--start-group,-lxil,-lgcc,-lc,--end-group
'Finished building target: uart_sdk2.elf'
' '
'Invoking: ARM v7 Print Size'
arm-none-eabi-size uart_sdk2.elf  |tee "uart_sdk2.elf.size"
   text	   data	    bss	    dec	    hex	filename
  24112	   1184	  22648	  47944	   bb48	uart_sdk2.elf
'Finished building: uart_sdk2.elf.size'
' '
01:02:34 **** Incremental Build of configuration Debug for project uart_sdk2 ****
make pre-build main-build 
a9-linaro-pre-build-step
' '
'Building file: ../src/helloworld.c'
'Invoking: ARM v7 gcc compiler'
arm-none-eabi-gcc -Wall -O0 -g3 -c -fmessage-length=0 -MT"src/helloworld.o" -mcpu=cortex-a9 -mfpu=vfpv3 -mfloat-abi=hard -I../../uart_sdk2_bsp/ps7_cortexa9_0/include -MMD -MP -MF"src/helloworld.d" -MT"src/helloworld.o" -o "src/helloworld.o" "../src/helloworld.c"
'Finished building: ../src/helloworld.c'
' '
'Building target: uart_sdk2.elf'
'Invoking: ARM v7 gcc linker'
arm-none-eabi-gcc -mcpu=cortex-a9 -mfpu=vfpv3 -mfloat-abi=hard -Wl,-build-id=none -specs=Xilinx.spec -Wl,-T -Wl,../src/lscript.ld -L../../uart_sdk2_bsp/ps7_cortexa9_0/lib -o "uart_sdk2.elf"  ./src/helloworld.o ./src/platform.o   -Wl,--start-group,-lxil,-lgcc,-lc,--end-group
'Finished building target: uart_sdk2.elf'
' '
'Invoking: ARM v7 Print Size'
arm-none-eabi-size uart_sdk2.elf  |tee "uart_sdk2.elf.size"
   text	   data	    bss	    dec	    hex	filename
  21648	   1176	  22648	  45472	   b1a0	uart_sdk2.elf
'Finished building: uart_sdk2.elf.size'
' '
01:04:06 **** Incremental Build of configuration Debug for project uart_sdk2 ****
make pre-build main-build 
a9-linaro-pre-build-step
' '
'Building file: ../src/helloworld.c'
'Invoking: ARM v7 gcc compiler'
arm-none-eabi-gcc -Wall -O0 -g3 -c -fmessage-length=0 -MT"src/helloworld.o" -mcpu=cortex-a9 -mfpu=vfpv3 -mfloat-abi=hard -I../../uart_sdk2_bsp/ps7_cortexa9_0/include -MMD -MP -MF"src/helloworld.d" -MT"src/helloworld.o" -o "src/helloworld.o" "../src/helloworld.c"
In file included from ../../uart_sdk2_bsp/ps7_cortexa9_0/include/xuartps.h:187:0,
                 from ../src/helloworld.c:49:
../src/helloworld.c: In function 'main':
../../uart_sdk2_bsp/ps7_cortexa9_0/include/xuartps_hw.h:429:13: warning: passing argument 1 of 'Xil_In32' makes integer from pointer without a cast [-Wint-conversion]
  ((Xil_In32((BaseAddress) + XUARTPS_SR_OFFSET) &  \
             ^
../src/helloworld.c:71:16: note: in expansion of macro 'XUartPs_IsTransmitFull'
         while (XUartPs_IsTransmitFull(&Uart1));  // Á≠? FIFO ?èØÂØ?
                ^~~~~~~~~~~~~~~~~~~~~~
In file included from ../../uart_sdk2_bsp/ps7_cortexa9_0/include/xuartps_hw.h:71:0,
                 from ../../uart_sdk2_bsp/ps7_cortexa9_0/include/xuartps.h:187,
                 from ../src/helloworld.c:49:
../../uart_sdk2_bsp/ps7_cortexa9_0/include/xil_io.h:147:19: note: expected 'UINTPTR {aka unsigned int}' but argument is of type 'XUartPs * {aka struct <anonymous> *}'
 static INLINE u32 Xil_In32(UINTPTR Addr)
                   ^~~~~~~~
'Finished building: ../src/helloworld.c'
' '
'Building target: uart_sdk2.elf'
'Invoking: ARM v7 gcc linker'
arm-none-eabi-gcc -mcpu=cortex-a9 -mfpu=vfpv3 -mfloat-abi=hard -Wl,-build-id=none -specs=Xilinx.spec -Wl,-T -Wl,../src/lscript.ld -L../../uart_sdk2_bsp/ps7_cortexa9_0/lib -o "uart_sdk2.elf"  ./src/helloworld.o ./src/platform.o   -Wl,--start-group,-lxil,-lgcc,-lc,--end-group
'Finished building target: uart_sdk2.elf'
' '
'Invoking: ARM v7 Print Size'
arm-none-eabi-size uart_sdk2.elf  |tee "uart_sdk2.elf.size"
   text	   data	    bss	    dec	    hex	filename
  21860	   1176	  22648	  45684	   b274	uart_sdk2.elf
'Finished building: uart_sdk2.elf.size'
' '
01:05:24 **** Incremental Build of configuration Debug for project uart_sdk2 ****
make pre-build main-build 
a9-linaro-pre-build-step
' '
'Building file: ../src/helloworld.c'
'Invoking: ARM v7 gcc compiler'
arm-none-eabi-gcc -Wall -O0 -g3 -c -fmessage-length=0 -MT"src/helloworld.o" -mcpu=cortex-a9 -mfpu=vfpv3 -mfloat-abi=hard -I../../uart_sdk2_bsp/ps7_cortexa9_0/include -MMD -MP -MF"src/helloworld.d" -MT"src/helloworld.o" -o "src/helloworld.o" "../src/helloworld.c"
In file included from ../../uart_sdk2_bsp/ps7_cortexa9_0/include/xuartps.h:187:0,
                 from ../src/helloworld.c:49:
../src/helloworld.c: In function 'main':
../../uart_sdk2_bsp/ps7_cortexa9_0/include/xuartps_hw.h:429:13: warning: passing argument 1 of 'Xil_In32' makes integer from pointer without a cast [-Wint-conversion]
  ((Xil_In32((BaseAddress) + XUARTPS_SR_OFFSET) &  \
             ^
../src/helloworld.c:70:16: note: in expansion of macro 'XUartPs_IsTransmitFull'
         while (XUartPs_IsTransmitFull(&Uart));
                ^~~~~~~~~~~~~~~~~~~~~~
In file included from ../../uart_sdk2_bsp/ps7_cortexa9_0/include/xuartps_hw.h:71:0,
                 from ../../uart_sdk2_bsp/ps7_cortexa9_0/include/xuartps.h:187,
                 from ../src/helloworld.c:49:
../../uart_sdk2_bsp/ps7_cortexa9_0/include/xil_io.h:147:19: note: expected 'UINTPTR {aka unsigned int}' but argument is of type 'XUartPs * {aka struct <anonymous> *}'
 static INLINE u32 Xil_In32(UINTPTR Addr)
                   ^~~~~~~~
'Finished building: ../src/helloworld.c'
' '
'Building target: uart_sdk2.elf'
'Invoking: ARM v7 gcc linker'
arm-none-eabi-gcc -mcpu=cortex-a9 -mfpu=vfpv3 -mfloat-abi=hard -Wl,-build-id=none -specs=Xilinx.spec -Wl,-T -Wl,../src/lscript.ld -L../../uart_sdk2_bsp/ps7_cortexa9_0/lib -o "uart_sdk2.elf"  ./src/helloworld.o ./src/platform.o   -Wl,--start-group,-lxil,-lgcc,-lc,--end-group
'Finished building target: uart_sdk2.elf'
' '
'Invoking: ARM v7 Print Size'
arm-none-eabi-size uart_sdk2.elf  |tee "uart_sdk2.elf.size"
   text	   data	    bss	    dec	    hex	filename
  21860	   1176	  22648	  45684	   b274	uart_sdk2.elf
'Finished building: uart_sdk2.elf.size'
' '
01:06:42 **** Incremental Build of configuration Debug for project uart_sdk2 ****
make pre-build main-build 
a9-linaro-pre-build-step
' '
'Building file: ../src/helloworld.c'
'Invoking: ARM v7 gcc compiler'
arm-none-eabi-gcc -Wall -O0 -g3 -c -fmessage-length=0 -MT"src/helloworld.o" -mcpu=cortex-a9 -mfpu=vfpv3 -mfloat-abi=hard -I../../uart_sdk2_bsp/ps7_cortexa9_0/include -MMD -MP -MF"src/helloworld.d" -MT"src/helloworld.o" -o "src/helloworld.o" "../src/helloworld.c"
'Finished building: ../src/helloworld.c'
' '
'Building target: uart_sdk2.elf'
'Invoking: ARM v7 gcc linker'
arm-none-eabi-gcc -mcpu=cortex-a9 -mfpu=vfpv3 -mfloat-abi=hard -Wl,-build-id=none -specs=Xilinx.spec -Wl,-T -Wl,../src/lscript.ld -L../../uart_sdk2_bsp/ps7_cortexa9_0/lib -o "uart_sdk2.elf"  ./src/helloworld.o ./src/platform.o   -Wl,--start-group,-lxil,-lgcc,-lc,--end-group
'Finished building target: uart_sdk2.elf'
' '
'Invoking: ARM v7 Print Size'
arm-none-eabi-size uart_sdk2.elf  |tee "uart_sdk2.elf.size"
   text	   data	    bss	    dec	    hex	filename
  22236	   1144	  22568	  45948	   b37c	uart_sdk2.elf
'Finished building: uart_sdk2.elf.size'
' '
01:09:41 **** Incremental Build of configuration Debug for project uart_sdk2 ****
make pre-build main-build 
a9-linaro-pre-build-step
' '
'Building file: ../src/helloworld.c'
'Invoking: ARM v7 gcc compiler'
arm-none-eabi-gcc -Wall -O0 -g3 -c -fmessage-length=0 -MT"src/helloworld.o" -mcpu=cortex-a9 -mfpu=vfpv3 -mfloat-abi=hard -I../../uart_sdk2_bsp/ps7_cortexa9_0/include -MMD -MP -MF"src/helloworld.d" -MT"src/helloworld.o" -o "src/helloworld.o" "../src/helloworld.c"
'Finished building: ../src/helloworld.c'
' '
'Building target: uart_sdk2.elf'
'Invoking: ARM v7 gcc linker'
arm-none-eabi-gcc -mcpu=cortex-a9 -mfpu=vfpv3 -mfloat-abi=hard -Wl,-build-id=none -specs=Xilinx.spec -Wl,-T -Wl,../src/lscript.ld -L../../uart_sdk2_bsp/ps7_cortexa9_0/lib -o "uart_sdk2.elf"  ./src/helloworld.o ./src/platform.o   -Wl,--start-group,-lxil,-lgcc,-lc,--end-group
'Finished building target: uart_sdk2.elf'
' '
'Invoking: ARM v7 Print Size'
arm-none-eabi-size uart_sdk2.elf  |tee "uart_sdk2.elf.size"
   text	   data	    bss	    dec	    hex	filename
  22236	   1144	  22568	  45948	   b37c	uart_sdk2.elf
'Finished building: uart_sdk2.elf.size'
' '
