17:09:40 **** Incremental Build of configuration Debug for project uart_sdk ****
make pre-build main-build 
a9-linaro-pre-build-step
' '
'Building file: ../src/helloworld.c'
'Invoking: ARM v7 gcc compiler'
arm-none-eabi-gcc -Wall -O0 -g3 -c -fmessage-length=0 -MT"src/helloworld.o" -mcpu=cortex-a9 -mfpu=vfpv3 -mfloat-abi=hard -I../../uart_sdk_bsp/ps7_cortexa9_0/include -MMD -MP -MF"src/helloworld.d" -MT"src/helloworld.o" -o "src/helloworld.o" "../src/helloworld.c"
../src/helloworld.c: In function 'main':
../src/helloworld.c:52:24: error: 'XPAR_XUARTPS_1_DEVICE_ID' undeclared (first use in this function); did you mean 'XPAR_XUARTPS_0_DEVICE_ID'?
 #define UART_DEVICE_ID XPAR_XUARTPS_1_DEVICE_ID  // Á¢∫‰?ùÊòØ UART1 ??? IDÔºå‰?çÊòØ UART0
                        ^
../src/helloworld.c:62:51: note: in expansion of macro 'UART_DEVICE_ID'
     XUartPs_Config *Config = XUartPs_LookupConfig(UART_DEVICE_ID);
                                                   ^~~~~~~~~~~~~~
../src/helloworld.c:52:24: note: each undeclared identifier is reported only once for each function it appears in
 #define UART_DEVICE_ID XPAR_XUARTPS_1_DEVICE_ID  // Á¢∫‰?ùÊòØ UART1 ??? IDÔºå‰?çÊòØ UART0
                        ^
../src/helloworld.c:62:51: note: in expansion of macro 'UART_DEVICE_ID'
     XUartPs_Config *Config = XUartPs_LookupConfig(UART_DEVICE_ID);
                                                   ^~~~~~~~~~~~~~
make: *** [src/subdir.mk:26: src/helloworld.o] Error 1

17:09:40 Build Finished (took 281ms)

