Copyright 1986-2018 Xilinx, Inc. All Rights Reserved.
-------------------------------------------------------------------------------------------------
| Tool Version : Vivado v.2018.3 (win64) Build 2405991 Thu Dec  6 23:38:27 MST 2018
| Date         : Fri Apr 18 03:10:44 2025
| Host         : yo running 64-bit major release  (build 9200)
| Command      : report_control_sets -verbose -file block_design_wrapper_control_sets_placed.rpt
| Design       : block_design_wrapper
| Device       : xc7z020
-------------------------------------------------------------------------------------------------

Control Set Information

Table of Contents
-----------------
1. Summary
2. Histogram
3. Flip-Flop Distribution
4. Detailed Control Set Information

1. Summary
----------

+----------------------------------------------------------+-------+
|                          Status                          | Count |
+----------------------------------------------------------+-------+
| Number of unique control sets                            |    44 |
| Unused register locations in slices containing registers |   105 |
+----------------------------------------------------------+-------+


2. Histogram
------------

+--------+--------------+
| Fanout | Control Sets |
+--------+--------------+
|      1 |            1 |
|      2 |            1 |
|      4 |            7 |
|      5 |            3 |
|      6 |            1 |
|      8 |           13 |
|     10 |            1 |
|     11 |            2 |
|     13 |            2 |
|     14 |            2 |
|    16+ |           11 |
+--------+--------------+


3. Flip-Flop Distribution
-------------------------

+--------------+-----------------------+------------------------+-----------------+--------------+
| Clock Enable | Synchronous Set/Reset | Asynchronous Set/Reset | Total Registers | Total Slices |
+--------------+-----------------------+------------------------+-----------------+--------------+
| No           | No                    | No                     |             109 |           34 |
| No           | No                    | Yes                    |               1 |            1 |
| No           | Yes                   | No                     |              32 |           11 |
| Yes          | No                    | No                     |             272 |           64 |
| Yes          | No                    | Yes                    |              11 |            3 |
| Yes          | Yes                   | No                     |             158 |           31 |
+--------------+-----------------------+------------------------+-----------------+--------------+


4. Detailed Control Set Information
-----------------------------------

+-----------------------------------------------------+--------------------------------------------------------------------------------------------------------------------------------------------------------------------+-----------------------------------------------------------------------------------------------------------------------------------------------------------+------------------+----------------+
|                     Clock Signal                    |                                                                            Enable Signal                                                                           |                                                                      Set/Reset Signal                                                                     | Slice Load Count | Bel Load Count |
+-----------------------------------------------------+--------------------------------------------------------------------------------------------------------------------------------------------------------------------+-----------------------------------------------------------------------------------------------------------------------------------------------------------+------------------+----------------+
|  block_design_i/processing_system7_0/inst/FCLK_CLK0 | block_design_i/ps7_0_axi_periph/s00_couplers/auto_pc/inst/gen_axilite.gen_b2s_conv.axilite_b2s/WR.aw_channel_0/aw_cmd_fsm_0/m_axi_awready_1                        | block_design_i/ps7_0_axi_periph/s00_couplers/auto_pc/inst/gen_axilite.gen_b2s_conv.axilite_b2s/WR.aw_channel_0/aw_cmd_fsm_0/m_axi_awready_0               |                1 |              1 |
|  block_design_i/processing_system7_0/inst/FCLK_CLK0 | block_design_i/ps7_0_axi_periph/s00_couplers/auto_pc/inst/gen_axilite.gen_b2s_conv.axilite_b2s/WR.b_channel_0/bid_fifo_0/sel                                       |                                                                                                                                                           |                1 |              2 |
|  block_design_i/processing_system7_0/inst/FCLK_CLK0 | block_design_i/ps7_0_axi_periph/s00_couplers/auto_pc/inst/gen_axilite.gen_b2s_conv.axilite_b2s/WR.aw_channel_0/aw_cmd_fsm_0/E[0]                                   |                                                                                                                                                           |                2 |              4 |
|  block_design_i/processing_system7_0/inst/FCLK_CLK0 |                                                                                                                                                                    | block_design_i/rst_ps7_0_50M/U0/EXT_LPF/lpf_int                                                                                                           |                1 |              4 |
|  block_design_i/processing_system7_0/inst/FCLK_CLK0 |                                                                                                                                                                    | block_design_i/ps7_0_axi_periph/s00_couplers/auto_pc/inst/gen_axilite.gen_b2s_conv.axilite_b2s/SI_REG/aw.aw_pipe/aresetn_d_reg[0]_0                       |                2 |              4 |
|  block_design_i/processing_system7_0/inst/FCLK_CLK0 |                                                                                                                                                                    | block_design_i/ps7_0_axi_periph/s00_couplers/auto_pc/inst/gen_axilite.gen_b2s_conv.axilite_b2s/SI_REG/ar.ar_pipe/aresetn_d_reg[1]_inv_0                   |                1 |              4 |
|  block_design_i/processing_system7_0/inst/FCLK_CLK0 | block_design_i/ps7_0_axi_periph/s00_couplers/auto_pc/inst/gen_axilite.gen_b2s_conv.axilite_b2s/RD.ar_channel_0/ar_cmd_fsm_0/E[0]                                   |                                                                                                                                                           |                3 |              4 |
|  block_design_i/processing_system7_0/inst/FCLK_CLK0 | block_design_i/ps7_0_axi_periph/s00_couplers/auto_pc/inst/gen_axilite.gen_b2s_conv.axilite_b2s/RD.ar_channel_0/ar_cmd_fsm_0/sel_first_reg[0]                       |                                                                                                                                                           |                1 |              4 |
|  block_design_i/processing_system7_0/inst/FCLK_CLK0 | block_design_i/ps7_0_axi_periph/s00_couplers/auto_pc/inst/gen_axilite.gen_b2s_conv.axilite_b2s/WR.aw_channel_0/cmd_translator_0/incr_cmd_0/axaddr_incr[11]_i_1_n_0 |                                                                                                                                                           |                1 |              4 |
|  block_design_i/processing_system7_0/inst/FCLK_CLK0 | block_design_i/ps7_0_axi_periph/s00_couplers/auto_pc/inst/gen_axilite.gen_b2s_conv.axilite_b2s/RD.r_channel_0/rd_data_fifo_0/E[0]                                  | block_design_i/ps7_0_axi_periph/s00_couplers/auto_pc/inst/gen_axilite.gen_b2s_conv.axilite_b2s/areset_d1                                                  |                1 |              5 |
|  block_design_i/processing_system7_0/inst/FCLK_CLK0 | block_design_i/ps7_0_axi_periph/s00_couplers/auto_pc/inst/gen_axilite.gen_b2s_conv.axilite_b2s/RD.ar_channel_0/ar_cmd_fsm_0/m_valid_i_reg                          | block_design_i/ps7_0_axi_periph/s00_couplers/auto_pc/inst/gen_axilite.gen_b2s_conv.axilite_b2s/RD.ar_channel_0/ar_cmd_fsm_0/FSM_sequential_state_reg[0]_0 |                2 |              5 |
|  block_design_i/processing_system7_0/inst/FCLK_CLK0 | block_design_i/ps7_0_axi_periph/s00_couplers/auto_pc/inst/gen_axilite.gen_b2s_conv.axilite_b2s/RD.r_channel_0/rd_data_fifo_0/cnt_read[4]_i_1_n_0                   | block_design_i/ps7_0_axi_periph/s00_couplers/auto_pc/inst/gen_axilite.gen_b2s_conv.axilite_b2s/areset_d1                                                  |                2 |              5 |
|  block_design_i/processing_system7_0/inst/FCLK_CLK0 | block_design_i/rst_ps7_0_50M/U0/SEQ/seq_cnt_en                                                                                                                     | block_design_i/rst_ps7_0_50M/U0/SEQ/SEQ_COUNTER/clear                                                                                                     |                1 |              6 |
|  block_design_i/processing_system7_0/inst/FCLK_CLK0 | block_design_i/hw1_0/inst/hw1_v1_0_S00_AXI_inst/slv_reg3[23]_i_1_n_0                                                                                               | block_design_i/hw1_0/inst/hw1_v1_0_S00_AXI_inst/rst0                                                                                                      |                1 |              8 |
|  block_design_i/processing_system7_0/inst/FCLK_CLK0 | block_design_i/hw1_0/inst/hw1_v1_0_S00_AXI_inst/slv_reg2[23]_i_1_n_0                                                                                               | block_design_i/hw1_0/inst/hw1_v1_0_S00_AXI_inst/rst0                                                                                                      |                1 |              8 |
|  block_design_i/processing_system7_0/inst/FCLK_CLK0 | block_design_i/hw1_0/inst/hw1_v1_0_S00_AXI_inst/slv_reg2[15]_i_1_n_0                                                                                               | block_design_i/hw1_0/inst/hw1_v1_0_S00_AXI_inst/rst0                                                                                                      |                1 |              8 |
|  block_design_i/processing_system7_0/inst/FCLK_CLK0 | block_design_i/hw1_0/inst/hw1_v1_0_S00_AXI_inst/slv_reg3[31]_i_1_n_0                                                                                               | block_design_i/hw1_0/inst/hw1_v1_0_S00_AXI_inst/rst0                                                                                                      |                1 |              8 |
|  block_design_i/processing_system7_0/inst/FCLK_CLK0 | block_design_i/hw1_0/inst/hw1_v1_0_S00_AXI_inst/slv_reg3[7]_i_1_n_0                                                                                                | block_design_i/hw1_0/inst/hw1_v1_0_S00_AXI_inst/rst0                                                                                                      |                1 |              8 |
|  block_design_i/processing_system7_0/inst/FCLK_CLK0 | block_design_i/hw1_0/inst/hw1_v1_0_S00_AXI_inst/slv_reg3[15]_i_1_n_0                                                                                               | block_design_i/hw1_0/inst/hw1_v1_0_S00_AXI_inst/rst0                                                                                                      |                1 |              8 |
|  block_design_i/processing_system7_0/inst/FCLK_CLK0 | block_design_i/hw1_0/inst/hw1_v1_0_S00_AXI_inst/p_1_in[31]                                                                                                         | block_design_i/hw1_0/inst/hw1_v1_0_S00_AXI_inst/rst0                                                                                                      |                1 |              8 |
|  block_design_i/processing_system7_0/inst/FCLK_CLK0 | block_design_i/hw1_0/inst/hw1_v1_0_S00_AXI_inst/p_1_in[15]                                                                                                         | block_design_i/hw1_0/inst/hw1_v1_0_S00_AXI_inst/rst0                                                                                                      |                1 |              8 |
|  block_design_i/processing_system7_0/inst/FCLK_CLK0 | block_design_i/hw1_0/inst/hw1_v1_0_S00_AXI_inst/p_1_in[23]                                                                                                         | block_design_i/hw1_0/inst/hw1_v1_0_S00_AXI_inst/rst0                                                                                                      |                1 |              8 |
|  block_design_i/processing_system7_0/inst/FCLK_CLK0 | block_design_i/ps7_0_axi_periph/s00_couplers/auto_pc/inst/gen_axilite.gen_b2s_conv.axilite_b2s/WR.b_channel_0/mhandshake_r                                         | block_design_i/ps7_0_axi_periph/s00_couplers/auto_pc/inst/gen_axilite.gen_b2s_conv.axilite_b2s/WR.b_channel_0/bid_fifo_0/SR[0]                            |                3 |              8 |
|  block_design_i/processing_system7_0/inst/FCLK_CLK0 | block_design_i/hw1_0/inst/hw1_v1_0_S00_AXI_inst/p_1_in[0]                                                                                                          | block_design_i/hw1_0/inst/hw1_v1_0_S00_AXI_inst/rst0                                                                                                      |                1 |              8 |
|  block_design_i/processing_system7_0/inst/FCLK_CLK0 | block_design_i/hw1_0/inst/hw1_v1_0_S00_AXI_inst/slv_reg2[7]_i_1_n_0                                                                                                | block_design_i/hw1_0/inst/hw1_v1_0_S00_AXI_inst/rst0                                                                                                      |                1 |              8 |
|  block_design_i/processing_system7_0/inst/FCLK_CLK0 | block_design_i/hw1_0/inst/hw1_v1_0_S00_AXI_inst/slv_reg2[31]_i_1_n_0                                                                                               | block_design_i/hw1_0/inst/hw1_v1_0_S00_AXI_inst/rst0                                                                                                      |                1 |              8 |
|  block_design_i/processing_system7_0/inst/FCLK_CLK0 |                                                                                                                                                                    | block_design_i/ps7_0_axi_periph/s00_couplers/auto_pc/inst/gen_axilite.gen_b2s_conv.axilite_b2s/areset_d1                                                  |                4 |             10 |
|  block_design_i/processing_system7_0/inst/FCLK_CLK0 |                                                                                                                                                                    | block_design_i/hw1_0/inst/hw1_v1_0_S00_AXI_inst/rst0                                                                                                      |                4 |             11 |
|  block_design_i/processing_system7_0/inst/FCLK_CLK0 | block_design_i/hw1_0/inst/hw1_v1_0_S00_AXI_inst/E[0]                                                                                                               | block_design_i/hw1_0/inst/hw1_v1_0_S00_AXI_inst/rst0                                                                                                      |                3 |             11 |
|  block_design_i/processing_system7_0/inst/FCLK_CLK0 | block_design_i/ps7_0_axi_periph/s00_couplers/auto_pc/inst/gen_axilite.gen_b2s_conv.axilite_b2s/RD.ar_channel_0/ar_cmd_fsm_0/m_valid_i_reg                          |                                                                                                                                                           |                5 |             13 |
|  block_design_i/processing_system7_0/inst/FCLK_CLK0 | block_design_i/ps7_0_axi_periph/s00_couplers/auto_pc/inst/gen_axilite.gen_b2s_conv.axilite_b2s/RD.r_channel_0/r_push_r                                             |                                                                                                                                                           |                4 |             13 |
|  block_design_i/processing_system7_0/inst/FCLK_CLK0 | block_design_i/ps7_0_axi_periph/s00_couplers/auto_pc/inst/gen_axilite.gen_b2s_conv.axilite_b2s/SI_REG/b.b_pipe/s_ready_i_reg_0                                     |                                                                                                                                                           |                4 |             14 |
|  block_design_i/processing_system7_0/inst/FCLK_CLK0 | block_design_i/ps7_0_axi_periph/s00_couplers/auto_pc/inst/gen_axilite.gen_b2s_conv.axilite_b2s/SI_REG/b.b_pipe/p_1_in                                              |                                                                                                                                                           |                2 |             14 |
|  block_design_i/processing_system7_0/inst/FCLK_CLK0 | block_design_i/ps7_0_axi_periph/s00_couplers/auto_pc/inst/gen_axilite.gen_b2s_conv.axilite_b2s/WR.aw_channel_0/aw_cmd_fsm_0/b_push                                 |                                                                                                                                                           |                3 |             16 |
|  block_design_i/processing_system7_0/inst/FCLK_CLK0 | block_design_i/ps7_0_axi_periph/s00_couplers/auto_pc/inst/gen_axilite.gen_b2s_conv.axilite_b2s/WR.aw_channel_0/aw_cmd_fsm_0/m_axi_awready_1                        |                                                                                                                                                           |                6 |             17 |
|  block_design_i/processing_system7_0/inst/FCLK_CLK0 | block_design_i/ps7_0_axi_periph/s00_couplers/auto_pc/inst/gen_axilite.gen_b2s_conv.axilite_b2s/SI_REG/aw.aw_pipe/s_ready_i_reg_0                                   |                                                                                                                                                           |                6 |             27 |
|  block_design_i/processing_system7_0/inst/FCLK_CLK0 | block_design_i/ps7_0_axi_periph/s00_couplers/auto_pc/inst/gen_axilite.gen_b2s_conv.axilite_b2s/SI_REG/ar.ar_pipe/s_ready_i_reg_0                                   |                                                                                                                                                           |                5 |             27 |
|  block_design_i/processing_system7_0/inst/FCLK_CLK0 | block_design_i/ps7_0_axi_periph/s00_couplers/auto_pc/inst/gen_axilite.gen_b2s_conv.axilite_b2s/WR.aw_channel_0/aw_cmd_fsm_0/m_valid_i_reg[0]                       |                                                                                                                                                           |                7 |             27 |
|  block_design_i/processing_system7_0/inst/FCLK_CLK0 | block_design_i/ps7_0_axi_periph/s00_couplers/auto_pc/inst/gen_axilite.gen_b2s_conv.axilite_b2s/RD.ar_channel_0/ar_cmd_fsm_0/FSM_sequential_state_reg[1]_0[0]       |                                                                                                                                                           |                6 |             27 |
|  block_design_i/processing_system7_0/inst/FCLK_CLK0 | block_design_i/ps7_0_axi_periph/s00_couplers/auto_pc/inst/gen_axilite.gen_b2s_conv.axilite_b2s/RD.r_channel_0/rd_data_fifo_0/wr_en0                                |                                                                                                                                                           |                8 |             32 |
|  block_design_i/processing_system7_0/inst/FCLK_CLK0 | block_design_i/hw1_0/inst/hw1_v1_0_S00_AXI_inst/axi_rdata[31]_i_1_n_0                                                                                              | block_design_i/hw1_0/inst/hw1_v1_0_S00_AXI_inst/rst0                                                                                                      |                9 |             32 |
|  block_design_i/processing_system7_0/inst/FCLK_CLK0 | block_design_i/ps7_0_axi_periph/s00_couplers/auto_pc/inst/gen_axilite.gen_b2s_conv.axilite_b2s/SI_REG/r.r_pipe/p_1_in                                              |                                                                                                                                                           |                8 |             45 |
|  block_design_i/processing_system7_0/inst/FCLK_CLK0 | block_design_i/ps7_0_axi_periph/s00_couplers/auto_pc/inst/gen_axilite.gen_b2s_conv.axilite_b2s/SI_REG/r.r_pipe/s_ready_i_reg_0                                     |                                                                                                                                                           |                8 |             45 |
|  block_design_i/processing_system7_0/inst/FCLK_CLK0 |                                                                                                                                                                    |                                                                                                                                                           |               35 |            110 |
+-----------------------------------------------------+--------------------------------------------------------------------------------------------------------------------------------------------------------------------+-----------------------------------------------------------------------------------------------------------------------------------------------------------+------------------+----------------+


