Copyright 1986-2018 Xilinx, Inc. All Rights Reserved.
----------------------------------------------------------------------------------------
| Tool Version : Vivado v.2018.3 (win64) Build 2405991 Thu Dec  6 23:38:27 MST 2018
| Date         : Wed May 14 13:40:58 2025
| Host         : yo running 64-bit major release  (build 9200)
| Command      : report_control_sets -verbose -file hw2_wrapper_control_sets_placed.rpt
| Design       : hw2_wrapper
| Device       : xc7z020
----------------------------------------------------------------------------------------

Control Set Information

Table of Contents
-----------------
1. Summary
2. Histogram
3. Flip-Flop Distribution
4. Detailed Control Set Information

1. Summary
----------

+----------------------------------------------------------+-------+
|                          Status                          | Count |
+----------------------------------------------------------+-------+
| Number of unique control sets                            |    51 |
| Unused register locations in slices containing registers |    98 |
+----------------------------------------------------------+-------+


2. Histogram
------------

+--------+--------------+
| Fanout | Control Sets |
+--------+--------------+
|      1 |            1 |
|      2 |            1 |
|      4 |            5 |
|      5 |            3 |
|      6 |            1 |
|      8 |           18 |
|     10 |            1 |
|     11 |            1 |
|     13 |            1 |
|     14 |            2 |
|     15 |            2 |
|    16+ |           15 |
+--------+--------------+


3. Flip-Flop Distribution
-------------------------

+--------------+-----------------------+------------------------+-----------------+--------------+
| Clock Enable | Synchronous Set/Reset | Asynchronous Set/Reset | Total Registers | Total Slices |
+--------------+-----------------------+------------------------+-----------------+--------------+
| No           | No                    | No                     |             144 |           48 |
| No           | No                    | Yes                    |               6 |            2 |
| No           | Yes                   | No                     |              65 |           28 |
| Yes          | No                    | No                     |             418 |           94 |
| Yes          | No                    | Yes                    |               8 |            2 |
| Yes          | Yes                   | No                     |             181 |           40 |
+--------------+-----------------------+------------------------+-----------------+--------------+


4. Detailed Control Set Information
-----------------------------------

+--------------------------------------------+-----------------------------------------------------------------------------------------------------------------------------------------------------------+--------------------------------------------------------------------------------------------------------------------------------------------------+------------------+----------------+
|                Clock Signal                |                                                                       Enable Signal                                                                       |                                                                 Set/Reset Signal                                                                 | Slice Load Count | Bel Load Count |
+--------------------------------------------+-----------------------------------------------------------------------------------------------------------------------------------------------------------+--------------------------------------------------------------------------------------------------------------------------------------------------+------------------+----------------+
|  hw2_i/processing_system7_0/inst/FCLK_CLK0 | hw2_i/ps7_0_axi_periph/s00_couplers/auto_pc/inst/gen_axilite.gen_b2s_conv.axilite_b2s/WR.aw_channel_0/aw_cmd_fsm_0/state_reg[0]_1                         | hw2_i/ps7_0_axi_periph/s00_couplers/auto_pc/inst/gen_axilite.gen_b2s_conv.axilite_b2s/WR.aw_channel_0/aw_cmd_fsm_0/state_reg[0]_0                |                1 |              1 |
|  hw2_i/processing_system7_0/inst/FCLK_CLK0 | hw2_i/ps7_0_axi_periph/s00_couplers/auto_pc/inst/gen_axilite.gen_b2s_conv.axilite_b2s/WR.b_channel_0/bid_fifo_0/sel                                       |                                                                                                                                                  |                1 |              2 |
|  hw2_i/processing_system7_0/inst/FCLK_CLK0 |                                                                                                                                                           | hw2_i/hw2_0/inst/hw2_v1_0_S_AXI_INTR_inst/gen_intr_reg[0].reg_intr_sts[0]_i_1_n_0                                                                |                2 |              4 |
|  hw2_i/processing_system7_0/inst/FCLK_CLK0 |                                                                                                                                                           | hw2_i/ps7_0_axi_periph/s00_couplers/auto_pc/inst/gen_axilite.gen_b2s_conv.axilite_b2s/SI_REG/ar.ar_pipe/aresetn_d_reg[1]_inv_0                   |                3 |              4 |
|  hw2_i/processing_system7_0/inst/FCLK_CLK0 |                                                                                                                                                           | hw2_i/ps7_0_axi_periph/s00_couplers/auto_pc/inst/gen_axilite.gen_b2s_conv.axilite_b2s/SI_REG/aw.aw_pipe/aresetn_d_reg[0]_0                       |                2 |              4 |
|  hw2_i/processing_system7_0/inst/FCLK_CLK0 |                                                                                                                                                           | hw2_i/rst_ps7_0_50M/U0/EXT_LPF/lpf_int                                                                                                           |                2 |              4 |
|  hw2_i/processing_system7_0/inst/FCLK_CLK0 | hw2_i/hw2_0/inst/hw2_v1_0_S_AXI_INTR_inst/intr_counter0_n_0                                                                                               | hw2_i/hw2_0/inst/hw2_v1_0_S_AXI_INTR_inst/reg_data_out0                                                                                          |                1 |              4 |
|  hw2_i/processing_system7_0/inst/FCLK_CLK0 | hw2_i/ps7_0_axi_periph/s00_couplers/auto_pc/inst/gen_axilite.gen_b2s_conv.axilite_b2s/RD.r_channel_0/rd_data_fifo_0/cnt_read[4]_i_1_n_0                   | hw2_i/ps7_0_axi_periph/s00_couplers/auto_pc/inst/gen_axilite.gen_b2s_conv.axilite_b2s/areset_d1                                                  |                2 |              5 |
|  hw2_i/processing_system7_0/inst/FCLK_CLK0 | hw2_i/ps7_0_axi_periph/s00_couplers/auto_pc/inst/gen_axilite.gen_b2s_conv.axilite_b2s/RD.r_channel_0/rd_data_fifo_0/E[0]                                  | hw2_i/ps7_0_axi_periph/s00_couplers/auto_pc/inst/gen_axilite.gen_b2s_conv.axilite_b2s/areset_d1                                                  |                2 |              5 |
|  hw2_i/processing_system7_0/inst/FCLK_CLK0 | hw2_i/ps7_0_axi_periph/s00_couplers/auto_pc/inst/gen_axilite.gen_b2s_conv.axilite_b2s/RD.ar_channel_0/ar_cmd_fsm_0/m_valid_i_reg                          | hw2_i/ps7_0_axi_periph/s00_couplers/auto_pc/inst/gen_axilite.gen_b2s_conv.axilite_b2s/RD.ar_channel_0/ar_cmd_fsm_0/FSM_sequential_state_reg[0]_0 |                2 |              5 |
|  hw2_i/processing_system7_0/inst/FCLK_CLK0 | hw2_i/rst_ps7_0_50M/U0/SEQ/seq_cnt_en                                                                                                                     | hw2_i/rst_ps7_0_50M/U0/SEQ/SEQ_COUNTER/clear                                                                                                     |                1 |              6 |
|  hw2_i/processing_system7_0/inst/FCLK_CLK0 | hw2_i/hw2_0/inst/hw2_v1_0_S00_AXI_inst/slv_reg3[7]_i_1_n_0                                                                                                | hw2_i/hw2_0/inst/hw2_v1_0_S00_AXI_inst/SR[0]                                                                                                     |                1 |              8 |
|  hw2_i/processing_system7_0/inst/FCLK_CLK0 | hw2_i/ps7_0_axi_periph/s00_couplers/auto_pc/inst/gen_axilite.gen_b2s_conv.axilite_b2s/WR.b_channel_0/mhandshake_r                                         | hw2_i/ps7_0_axi_periph/s00_couplers/auto_pc/inst/gen_axilite.gen_b2s_conv.axilite_b2s/WR.b_channel_0/bid_fifo_0/SR[0]                            |                3 |              8 |
|  hw2_i/processing_system7_0/inst/FCLK_CLK0 | hw2_i/hw2_0/inst/hw2_v1_0_S00_AXI_inst/slv_reg2[15]_i_1_n_0                                                                                               | hw2_i/hw2_0/inst/hw2_v1_0_S00_AXI_inst/SR[0]                                                                                                     |                1 |              8 |
|  hw2_i/processing_system7_0/inst/FCLK_CLK0 | hw2_i/hw2_0/inst/hw2_v1_0_S00_AXI_inst/slv_reg2[31]_i_1_n_0                                                                                               | hw2_i/hw2_0/inst/hw2_v1_0_S00_AXI_inst/SR[0]                                                                                                     |                1 |              8 |
|  hw2_i/processing_system7_0/inst/FCLK_CLK0 | hw2_i/hw2_0/inst/hw2_v1_0_S00_AXI_inst/p_1_in[0]                                                                                                          | hw2_i/hw2_0/inst/hw2_v1_0_S00_AXI_inst/SR[0]                                                                                                     |                1 |              8 |
|  hw2_i/processing_system7_0/inst/FCLK_CLK0 | hw2_i/hw2_0/inst/hw2_v1_0_S00_AXI_inst/p_1_in[31]                                                                                                         | hw2_i/hw2_0/inst/hw2_v1_0_S00_AXI_inst/SR[0]                                                                                                     |                1 |              8 |
|  hw2_i/processing_system7_0/inst/FCLK_CLK0 | hw2_i/hw2_0/inst/hw2_v1_0_S00_AXI_inst/p_1_in[15]                                                                                                         | hw2_i/hw2_0/inst/hw2_v1_0_S00_AXI_inst/SR[0]                                                                                                     |                1 |              8 |
|  hw2_i/processing_system7_0/inst/FCLK_CLK0 | hw2_i/hw2_0/inst/hw2_v1_0_S00_AXI_inst/slv_reg3[15]_i_1_n_0                                                                                               | hw2_i/hw2_0/inst/hw2_v1_0_S00_AXI_inst/SR[0]                                                                                                     |                2 |              8 |
|  hw2_i/processing_system7_0/inst/FCLK_CLK0 | hw2_i/hw2_0/inst/hw2_v1_0_S00_AXI_inst/slv_reg3[23]_i_1_n_0                                                                                               | hw2_i/hw2_0/inst/hw2_v1_0_S00_AXI_inst/SR[0]                                                                                                     |                1 |              8 |
|  hw2_i/processing_system7_0/inst/FCLK_CLK0 | hw2_i/hw2_0/inst/hw2_v1_0_S00_AXI_inst/E[0]                                                                                                               | hw2_i/hw2_0/inst/hw2_v1_0_S00_AXI_inst/SR[0]                                                                                                     |                2 |              8 |
|  hw2_i/processing_system7_0/inst/FCLK_CLK0 | hw2_i/hw2_0/inst/hw2_v1_0_S00_AXI_inst/slv_reg2[7]_i_1_n_0                                                                                                | hw2_i/hw2_0/inst/hw2_v1_0_S00_AXI_inst/SR[0]                                                                                                     |                1 |              8 |
|  hw2_i/processing_system7_0/inst/FCLK_CLK0 | hw2_i/hw2_0/inst/hw2_v1_0_S00_AXI_inst/slv_reg3[31]_i_1_n_0                                                                                               | hw2_i/hw2_0/inst/hw2_v1_0_S00_AXI_inst/SR[0]                                                                                                     |                1 |              8 |
|  hw2_i/processing_system7_0/inst/FCLK_CLK0 | hw2_i/hw2_0/inst/hw2_v1_0_S00_AXI_inst/slv_reg2[23]_i_1_n_0                                                                                               | hw2_i/hw2_0/inst/hw2_v1_0_S00_AXI_inst/SR[0]                                                                                                     |                1 |              8 |
|  hw2_i/processing_system7_0/inst/FCLK_CLK0 | hw2_i/hw2_0/inst/hw2_v1_0_S00_AXI_inst/p_1_in[23]                                                                                                         | hw2_i/hw2_0/inst/hw2_v1_0_S00_AXI_inst/SR[0]                                                                                                     |                1 |              8 |
|  hw2_i/processing_system7_0/inst/FCLK_CLK0 | hw2_i/ps7_0_axi_periph/s00_couplers/auto_pc/inst/gen_axilite.gen_b2s_conv.axilite_b2s/RD.ar_channel_0/ar_cmd_fsm_0/sel_first_reg_1[0]                     |                                                                                                                                                  |                3 |              8 |
|  hw2_i/processing_system7_0/inst/FCLK_CLK0 | hw2_i/ps7_0_axi_periph/s00_couplers/auto_pc/inst/gen_axilite.gen_b2s_conv.axilite_b2s/RD.ar_channel_0/ar_cmd_fsm_0/E[0]                                   |                                                                                                                                                  |                4 |              8 |
|  hw2_i/processing_system7_0/inst/FCLK_CLK0 | hw2_i/ps7_0_axi_periph/s00_couplers/auto_pc/inst/gen_axilite.gen_b2s_conv.axilite_b2s/WR.aw_channel_0/cmd_translator_0/incr_cmd_0/axaddr_incr[11]_i_1_n_0 |                                                                                                                                                  |                2 |              8 |
|  hw2_i/processing_system7_0/inst/FCLK_CLK0 | hw2_i/ps7_0_axi_periph/s00_couplers/auto_pc/inst/gen_axilite.gen_b2s_conv.axilite_b2s/WR.aw_channel_0/aw_cmd_fsm_0/E[0]                                   |                                                                                                                                                  |                5 |              8 |
|  hw2_i/processing_system7_0/inst/FCLK_CLK0 |                                                                                                                                                           | hw2_i/ps7_0_axi_periph/s00_couplers/auto_pc/inst/gen_axilite.gen_b2s_conv.axilite_b2s/areset_d1                                                  |                4 |             10 |
|  hw2_i/processing_system7_0/inst/FCLK_CLK0 |                                                                                                                                                           | hw2_i/ps7_0_axi_periph/xbar/inst/gen_sasd.crossbar_sasd_0/addr_arbiter_inst/SR[0]                                                                |                4 |             11 |
|  hw2_i/processing_system7_0/inst/FCLK_CLK0 | hw2_i/ps7_0_axi_periph/s00_couplers/auto_pc/inst/gen_axilite.gen_b2s_conv.axilite_b2s/RD.r_channel_0/r_push_r                                             |                                                                                                                                                  |                4 |             13 |
|  hw2_i/processing_system7_0/inst/FCLK_CLK0 | hw2_i/ps7_0_axi_periph/s00_couplers/auto_pc/inst/gen_axilite.gen_b2s_conv.axilite_b2s/SI_REG/b.b_pipe/s_ready_i_reg_0                                     |                                                                                                                                                  |                3 |             14 |
|  hw2_i/processing_system7_0/inst/FCLK_CLK0 | hw2_i/ps7_0_axi_periph/s00_couplers/auto_pc/inst/gen_axilite.gen_b2s_conv.axilite_b2s/SI_REG/b.b_pipe/p_1_in                                              |                                                                                                                                                  |                2 |             14 |
|  hw2_i/processing_system7_0/inst/FCLK_CLK0 |                                                                                                                                                           | hw2_i/hw2_0/inst/hw2_v1_0_S_AXI_INTR_inst/reg_data_out0                                                                                          |                6 |             15 |
|  hw2_i/processing_system7_0/inst/FCLK_CLK0 | hw2_i/ps7_0_axi_periph/xbar/inst/gen_sasd.crossbar_sasd_0/reg_slice_r/aa_rready                                                                           |                                                                                                                                                  |                5 |             15 |
|  hw2_i/processing_system7_0/inst/FCLK_CLK0 | hw2_i/ps7_0_axi_periph/s00_couplers/auto_pc/inst/gen_axilite.gen_b2s_conv.axilite_b2s/WR.aw_channel_0/aw_cmd_fsm_0/b_push                                 |                                                                                                                                                  |                3 |             16 |
|  hw2_i/processing_system7_0/inst/FCLK_CLK0 | hw2_i/ps7_0_axi_periph/s00_couplers/auto_pc/inst/gen_axilite.gen_b2s_conv.axilite_b2s/RD.ar_channel_0/ar_cmd_fsm_0/m_valid_i_reg                          |                                                                                                                                                  |                7 |             17 |
|  hw2_i/processing_system7_0/inst/FCLK_CLK0 | hw2_i/ps7_0_axi_periph/xbar/inst/gen_sasd.crossbar_sasd_0/addr_arbiter_inst/p_0_in1_in                                                                    | hw2_i/ps7_0_axi_periph/xbar/inst/gen_sasd.crossbar_sasd_0/addr_arbiter_inst/SR[0]                                                                |                6 |             19 |
|  hw2_i/processing_system7_0/inst/FCLK_CLK0 |                                                                                                                                                           | hw2_i/hw2_0/inst/hw2_v1_0_S00_AXI_inst/SR[0]                                                                                                     |                7 |             19 |
|  hw2_i/processing_system7_0/inst/FCLK_CLK0 | hw2_i/ps7_0_axi_periph/s00_couplers/auto_pc/inst/gen_axilite.gen_b2s_conv.axilite_b2s/WR.aw_channel_0/aw_cmd_fsm_0/state_reg[0]_1                         |                                                                                                                                                  |                7 |             21 |
|  hw2_i/processing_system7_0/inst/FCLK_CLK0 | hw2_i/hw2_0/inst/hw2_v1_0_S00_AXI_inst/slv_reg_rden__0                                                                                                    | hw2_i/hw2_0/inst/hw2_v1_0_S00_AXI_inst/SR[0]                                                                                                     |                9 |             32 |
|  hw2_i/processing_system7_0/inst/FCLK_CLK0 | hw2_i/ps7_0_axi_periph/s00_couplers/auto_pc/inst/gen_axilite.gen_b2s_conv.axilite_b2s/RD.r_channel_0/rd_data_fifo_0/wr_en0                                |                                                                                                                                                  |                9 |             34 |
|  hw2_i/processing_system7_0/inst/FCLK_CLK0 | hw2_i/ps7_0_axi_periph/xbar/inst/gen_sasd.crossbar_sasd_0/addr_arbiter_inst/E[0]                                                                          |                                                                                                                                                  |                9 |             35 |
|  hw2_i/processing_system7_0/inst/FCLK_CLK0 | hw2_i/ps7_0_axi_periph/s00_couplers/auto_pc/inst/gen_axilite.gen_b2s_conv.axilite_b2s/RD.ar_channel_0/ar_cmd_fsm_0/FSM_sequential_state_reg[1]_0[0]       |                                                                                                                                                  |                7 |             44 |
|  hw2_i/processing_system7_0/inst/FCLK_CLK0 | hw2_i/ps7_0_axi_periph/s00_couplers/auto_pc/inst/gen_axilite.gen_b2s_conv.axilite_b2s/WR.aw_channel_0/aw_cmd_fsm_0/m_valid_i_reg[0]                       |                                                                                                                                                  |                8 |             44 |
|  hw2_i/processing_system7_0/inst/FCLK_CLK0 | hw2_i/ps7_0_axi_periph/s00_couplers/auto_pc/inst/gen_axilite.gen_b2s_conv.axilite_b2s/SI_REG/aw.aw_pipe/s_ready_i_reg_0                                   |                                                                                                                                                  |                7 |             44 |
|  hw2_i/processing_system7_0/inst/FCLK_CLK0 | hw2_i/ps7_0_axi_periph/s00_couplers/auto_pc/inst/gen_axilite.gen_b2s_conv.axilite_b2s/SI_REG/ar.ar_pipe/s_ready_i_reg_0                                   |                                                                                                                                                  |                9 |             44 |
|  hw2_i/processing_system7_0/inst/FCLK_CLK0 | hw2_i/ps7_0_axi_periph/s00_couplers/auto_pc/inst/gen_axilite.gen_b2s_conv.axilite_b2s/SI_REG/r.r_pipe/p_1_in                                              |                                                                                                                                                  |                7 |             47 |
|  hw2_i/processing_system7_0/inst/FCLK_CLK0 | hw2_i/ps7_0_axi_periph/s00_couplers/auto_pc/inst/gen_axilite.gen_b2s_conv.axilite_b2s/SI_REG/r.r_pipe/s_ready_i_reg_0                                     |                                                                                                                                                  |                9 |             47 |
|  hw2_i/processing_system7_0/inst/FCLK_CLK0 |                                                                                                                                                           |                                                                                                                                                  |               49 |            145 |
+--------------------------------------------+-----------------------------------------------------------------------------------------------------------------------------------------------------------+--------------------------------------------------------------------------------------------------------------------------------------------------+------------------+----------------+


